févr. 10 13:20:30 rayana kernel: Linux version 6.12.12-1-lts (linux-lts@archlinux) (gcc (GCC) 14.2.1 20250128, GNU ld (GNU Binutils) 2.43.1) #1 SMP PREEMPT_DYNAMIC Sat, 01 Feb 2025 18:47:29 +0000
févr. 10 13:20:30 rayana kernel: Command line: BOOT_IMAGE=/vmlinuz-linux-lts root=UUID=d64f9b1d-86ec-4eee-a5df-5dce0e806f52 rw quiet splash loglevel=3
févr. 10 13:20:30 rayana kernel: BIOS-provided physical RAM map:
févr. 10 13:20:30 rayana kernel: BIOS-e820: [mem 0x0000000000000000-0x000000000009ffff] usable
févr. 10 13:20:30 rayana kernel: BIOS-e820: [mem 0x00000000000a0000-0x00000000000fffff] reserved
févr. 10 13:20:30 rayana kernel: BIOS-e820: [mem 0x0000000000100000-0x0000000009eeffff] usable
févr. 10 13:20:30 rayana kernel: BIOS-e820: [mem 0x0000000009ef0000-0x000000000a000fff] reserved
févr. 10 13:20:30 rayana kernel: BIOS-e820: [mem 0x000000000a001000-0x000000000a1fffff] usable
févr. 10 13:20:30 rayana kernel: BIOS-e820: [mem 0x000000000a200000-0x000000000a20efff] ACPI NVS
févr. 10 13:20:30 rayana kernel: BIOS-e820: [mem 0x000000000a20f000-0x00000000b5c3bfff] usable
févr. 10 13:20:30 rayana kernel: BIOS-e820: [mem 0x00000000b5c3c000-0x00000000b5dbafff] reserved
févr. 10 13:20:30 rayana kernel: BIOS-e820: [mem 0x00000000b5dbb000-0x00000000b5e29fff] ACPI data
févr. 10 13:20:30 rayana kernel: BIOS-e820: [mem 0x00000000b5e2a000-0x00000000b7523fff] ACPI NVS
févr. 10 13:20:30 rayana kernel: BIOS-e820: [mem 0x00000000b7524000-0x00000000bcffdfff] reserved
févr. 10 13:20:30 rayana kernel: BIOS-e820: [mem 0x00000000bcffe000-0x00000000bdffffff] usable
févr. 10 13:20:30 rayana kernel: BIOS-e820: [mem 0x00000000be000000-0x00000000bfffffff] reserved
févr. 10 13:20:30 rayana kernel: BIOS-e820: [mem 0x00000000f0000000-0x00000000f7ffffff] reserved
févr. 10 13:20:30 rayana kernel: BIOS-e820: [mem 0x00000000fd000000-0x00000000fdffffff] reserved
févr. 10 13:20:30 rayana kernel: BIOS-e820: [mem 0x00000000fe700000-0x00000000fe700fff] reserved
févr. 10 13:20:30 rayana kernel: BIOS-e820: [mem 0x00000000feb80000-0x00000000fec01fff] reserved
févr. 10 13:20:30 rayana kernel: BIOS-e820: [mem 0x00000000fec10000-0x00000000fec10fff] reserved
févr. 10 13:20:30 rayana kernel: BIOS-e820: [mem 0x00000000fed00000-0x00000000fed00fff] reserved
févr. 10 13:20:30 rayana kernel: BIOS-e820: [mem 0x00000000fed40000-0x00000000fed44fff] reserved
févr. 10 13:20:30 rayana kernel: BIOS-e820: [mem 0x00000000fed80000-0x00000000fed8ffff] reserved
févr. 10 13:20:30 rayana kernel: BIOS-e820: [mem 0x00000000fedc4000-0x00000000fedc9fff] reserved
févr. 10 13:20:30 rayana kernel: BIOS-e820: [mem 0x00000000fedcc000-0x00000000fedcefff] reserved
févr. 10 13:20:30 rayana kernel: BIOS-e820: [mem 0x00000000fedd5000-0x00000000fedd5fff] reserved
févr. 10 13:20:30 rayana kernel: BIOS-e820: [mem 0x00000000ff000000-0x00000000ffffffff] reserved
févr. 10 13:20:30 rayana kernel: BIOS-e820: [mem 0x0000000100000000-0x000000041e2fffff] usable
févr. 10 13:20:30 rayana kernel: BIOS-e820: [mem 0x000000041e300000-0x000000043fffffff] reserved
févr. 10 13:20:30 rayana kernel: NX (Execute Disable) protection: active
févr. 10 13:20:30 rayana kernel: APIC: Static calls initialized
févr. 10 13:20:30 rayana kernel: e820: update [mem 0xa9364018-0xa9371857] usable ==> usable
févr. 10 13:20:30 rayana kernel: extended physical RAM map:
févr. 10 13:20:30 rayana kernel: reserve setup_data: [mem 0x0000000000000000-0x000000000009ffff] usable
févr. 10 13:20:30 rayana kernel: reserve setup_data: [mem 0x00000000000a0000-0x00000000000fffff] reserved
févr. 10 13:20:30 rayana kernel: reserve setup_data: [mem 0x0000000000100000-0x0000000009eeffff] usable
févr. 10 13:20:30 rayana kernel: reserve setup_data: [mem 0x0000000009ef0000-0x000000000a000fff] reserved
févr. 10 13:20:30 rayana kernel: reserve setup_data: [mem 0x000000000a001000-0x000000000a1fffff] usable
févr. 10 13:20:30 rayana kernel: reserve setup_data: [mem 0x000000000a200000-0x000000000a20efff] ACPI NVS
févr. 10 13:20:30 rayana kernel: reserve setup_data: [mem 0x000000000a20f000-0x00000000a9364017] usable
févr. 10 13:20:30 rayana kernel: reserve setup_data: [mem 0x00000000a9364018-0x00000000a9371857] usable
févr. 10 13:20:30 rayana kernel: reserve setup_data: [mem 0x00000000a9371858-0x00000000b5c3bfff] usable
févr. 10 13:20:30 rayana kernel: reserve setup_data: [mem 0x00000000b5c3c000-0x00000000b5dbafff] reserved
févr. 10 13:20:30 rayana kernel: reserve setup_data: [mem 0x00000000b5dbb000-0x00000000b5e29fff] ACPI data
févr. 10 13:20:30 rayana kernel: reserve setup_data: [mem 0x00000000b5e2a000-0x00000000b7523fff] ACPI NVS
févr. 10 13:20:30 rayana kernel: reserve setup_data: [mem 0x00000000b7524000-0x00000000bcffdfff] reserved
févr. 10 13:20:30 rayana kernel: reserve setup_data: [mem 0x00000000bcffe000-0x00000000bdffffff] usable
févr. 10 13:20:30 rayana kernel: reserve setup_data: [mem 0x00000000be000000-0x00000000bfffffff] reserved
févr. 10 13:20:30 rayana kernel: reserve setup_data: [mem 0x00000000f0000000-0x00000000f7ffffff] reserved
févr. 10 13:20:30 rayana kernel: reserve setup_data: [mem 0x00000000fd000000-0x00000000fdffffff] reserved
févr. 10 13:20:30 rayana kernel: reserve setup_data: [mem 0x00000000fe700000-0x00000000fe700fff] reserved
févr. 10 13:20:30 rayana kernel: reserve setup_data: [mem 0x00000000feb80000-0x00000000fec01fff] reserved
févr. 10 13:20:30 rayana kernel: reserve setup_data: [mem 0x00000000fec10000-0x00000000fec10fff] reserved
févr. 10 13:20:30 rayana kernel: reserve setup_data: [mem 0x00000000fed00000-0x00000000fed00fff] reserved
févr. 10 13:20:30 rayana kernel: reserve setup_data: [mem 0x00000000fed40000-0x00000000fed44fff] reserved
févr. 10 13:20:30 rayana kernel: reserve setup_data: [mem 0x00000000fed80000-0x00000000fed8ffff] reserved
févr. 10 13:20:30 rayana kernel: reserve setup_data: [mem 0x00000000fedc4000-0x00000000fedc9fff] reserved
févr. 10 13:20:30 rayana kernel: reserve setup_data: [mem 0x00000000fedcc000-0x00000000fedcefff] reserved
févr. 10 13:20:30 rayana kernel: reserve setup_data: [mem 0x00000000fedd5000-0x00000000fedd5fff] reserved
févr. 10 13:20:30 rayana kernel: reserve setup_data: [mem 0x00000000ff000000-0x00000000ffffffff] reserved
févr. 10 13:20:30 rayana kernel: reserve setup_data: [mem 0x0000000100000000-0x000000041e2fffff] usable
févr. 10 13:20:30 rayana kernel: reserve setup_data: [mem 0x000000041e300000-0x000000043fffffff] reserved
févr. 10 13:20:30 rayana kernel: efi: EFI v2.7 by American Megatrends
févr. 10 13:20:30 rayana kernel: efi: ACPI=0xb5e29000 ACPI 2.0=0xb5e29014 TPMFinalLog=0xb64d9000 SMBIOS=0xbcdf6000 SMBIOS 3.0=0xbcdf5000 MEMATTR=0xb2ab5698 ESRT=0xb4736e18 INITRD=0xb21bc918 RNG=0xb5dd0018 TPMEventLog=0xb5dc7018 
févr. 10 13:20:30 rayana kernel: random: crng init done
févr. 10 13:20:30 rayana kernel: efi: Remove mem66: MMIO range=[0xf0000000-0xf7ffffff] (128MB) from e820 map
févr. 10 13:20:30 rayana kernel: e820: remove [mem 0xf0000000-0xf7ffffff] reserved
févr. 10 13:20:30 rayana kernel: efi: Remove mem67: MMIO range=[0xfd000000-0xfdffffff] (16MB) from e820 map
févr. 10 13:20:30 rayana kernel: e820: remove [mem 0xfd000000-0xfdffffff] reserved
févr. 10 13:20:30 rayana kernel: efi: Not removing mem68: MMIO range=[0xfe700000-0xfe700fff] (4KB) from e820 map
févr. 10 13:20:30 rayana kernel: efi: Remove mem69: MMIO range=[0xfeb80000-0xfec01fff] (0MB) from e820 map
févr. 10 13:20:30 rayana kernel: e820: remove [mem 0xfeb80000-0xfec01fff] reserved
févr. 10 13:20:30 rayana kernel: efi: Not removing mem70: MMIO range=[0xfec10000-0xfec10fff] (4KB) from e820 map
févr. 10 13:20:30 rayana kernel: efi: Not removing mem71: MMIO range=[0xfed00000-0xfed00fff] (4KB) from e820 map
févr. 10 13:20:30 rayana kernel: efi: Not removing mem72: MMIO range=[0xfed40000-0xfed44fff] (20KB) from e820 map
févr. 10 13:20:30 rayana kernel: efi: Not removing mem73: MMIO range=[0xfed80000-0xfed8ffff] (64KB) from e820 map
févr. 10 13:20:30 rayana kernel: efi: Not removing mem74: MMIO range=[0xfedc4000-0xfedc9fff] (24KB) from e820 map
févr. 10 13:20:30 rayana kernel: efi: Not removing mem75: MMIO range=[0xfedcc000-0xfedcefff] (12KB) from e820 map
févr. 10 13:20:30 rayana kernel: efi: Not removing mem76: MMIO range=[0xfedd5000-0xfedd5fff] (4KB) from e820 map
févr. 10 13:20:30 rayana kernel: efi: Remove mem77: MMIO range=[0xff000000-0xffffffff] (16MB) from e820 map
févr. 10 13:20:30 rayana kernel: e820: remove [mem 0xff000000-0xffffffff] reserved
févr. 10 13:20:30 rayana kernel: SMBIOS 3.3.0 present.
févr. 10 13:20:30 rayana kernel: DMI: HP HP Laptop 17-cp0xxx/88C6, BIOS F.29 05/08/2024
févr. 10 13:20:30 rayana kernel: DMI: Memory slots populated: 2/2
févr. 10 13:20:30 rayana kernel: tsc: Fast TSC calibration using PIT
févr. 10 13:20:30 rayana kernel: tsc: Detected 1796.779 MHz processor
févr. 10 13:20:30 rayana kernel: e820: update [mem 0x00000000-0x00000fff] usable ==> reserved
févr. 10 13:20:30 rayana kernel: e820: remove [mem 0x000a0000-0x000fffff] usable
févr. 10 13:20:30 rayana kernel: last_pfn = 0x41e300 max_arch_pfn = 0x400000000
févr. 10 13:20:30 rayana kernel: MTRR map: 5 entries (3 fixed + 2 variable; max 20), built from 9 variable MTRRs
févr. 10 13:20:30 rayana kernel: x86/PAT: Configuration [0-7]: WB  WC  UC- UC  WB  WP  UC- WT  
févr. 10 13:20:30 rayana kernel: e820: update [mem 0xc0000000-0xffffffff] usable ==> reserved
févr. 10 13:20:30 rayana kernel: last_pfn = 0xbe000 max_arch_pfn = 0x400000000
févr. 10 13:20:30 rayana kernel: esrt: Reserving ESRT space from 0x00000000b4736e18 to 0x00000000b4736e50.
févr. 10 13:20:30 rayana kernel: e820: update [mem 0xb4736000-0xb4736fff] usable ==> reserved
févr. 10 13:20:30 rayana kernel: Using GB pages for direct mapping
févr. 10 13:20:30 rayana kernel: Secure boot disabled
févr. 10 13:20:30 rayana kernel: RAMDISK: [mem 0xaa272000-0xad5edfff]
févr. 10 13:20:30 rayana kernel: ACPI: Early table checksum verification disabled
févr. 10 13:20:30 rayana kernel: ACPI: RSDP 0x00000000B5E29014 000024 (v02 HPQOEM)
févr. 10 13:20:30 rayana kernel: ACPI: XSDT 0x00000000B5E28728 0000F4 (v01 HPQOEM SLIC-MPC 01072009 AMI  01000013)
févr. 10 13:20:30 rayana kernel: ACPI: FACP 0x00000000B5E1A000 000114 (v06 HPQOEM SLIC-MPC 01072009 HP   00010013)
févr. 10 13:20:30 rayana kernel: ACPI: DSDT 0x00000000B5E07000 01219B (v02 HPQOEM 88C6     01072009 ACPI 20200717)
févr. 10 13:20:30 rayana kernel: ACPI: FACS 0x00000000B64D7000 000040
févr. 10 13:20:30 rayana kernel: ACPI: MSDM 0x00000000B5E27000 000055 (v03 HPQOEM SLIC-MPC 00000001 HP   00010013)
févr. 10 13:20:30 rayana kernel: ACPI: SSDT 0x00000000B5E1F000 0072B0 (v02 HPQOEM 88C6     00000002 ACPI 04000000)
févr. 10 13:20:30 rayana kernel: ACPI: SSDT 0x00000000B5E1B000 003A21 (v01 HPQOEM 88C6     00000001 ACPI 20200717)
févr. 10 13:20:30 rayana kernel: ACPI: FIDT 0x00000000B5E06000 00009C (v01 HPQOEM 88C6     01072009 HP   00010013)
févr. 10 13:20:30 rayana kernel: ACPI: MCFG 0x00000000B5E05000 00003C (v01 HPQOEM 88C6     01072009 HP   00010013)
févr. 10 13:20:30 rayana kernel: ACPI: HPET 0x00000000B5E04000 000038 (v01 HPQOEM 88C6     01072009 HP   00000005)
févr. 10 13:20:30 rayana kernel: ACPI: FPDT 0x00000000B5E03000 000044 (v01 HPQOEM 88C6     01072009 HP   01000013)
févr. 10 13:20:30 rayana kernel: ACPI: VFCT 0x00000000B5DF5000 00D884 (v01 HPQOEM 88C6     00000001 HP   31504F47)
févr. 10 13:20:30 rayana kernel: ACPI: SSDT 0x00000000B5DF4000 000060 (v01 HPQOEM 88C6     00000001 ACPI 20200717)
févr. 10 13:20:30 rayana kernel: ACPI: TPM2 0x00000000B5DF3000 00004C (v04 HPQOEM 88C6     00000001 HP   00000000)
févr. 10 13:20:30 rayana kernel: ACPI: SSDT 0x00000000B5DED000 005354 (v02 HPQOEM 88C6     00000001 ACPI 00000001)
févr. 10 13:20:30 rayana kernel: ACPI: CRAT 0x00000000B5DEC000 000F28 (v01 HPQOEM 88C6     00000001 HP   00000001)
févr. 10 13:20:30 rayana kernel: ACPI: CDIT 0x00000000B5DEB000 000029 (v01 HPQOEM 88C6     00000001 HP   00000001)
févr. 10 13:20:30 rayana kernel: ACPI: SSDT 0x00000000B5DEA000 000149 (v01 HPQOEM 88C6     00000001 ACPI 20200717)
févr. 10 13:20:30 rayana kernel: ACPI: SSDT 0x00000000B5DE8000 00148E (v01 HPQOEM 88C6     00000001 ACPI 20200717)
févr. 10 13:20:30 rayana kernel: ACPI: SSDT 0x00000000B5DE6000 00151E (v01 HPQOEM 88C6     00000001 ACPI 20200717)
févr. 10 13:20:30 rayana kernel: ACPI: SSDT 0x00000000B5DE5000 000641 (v01 HPQOEM 88C6     00000001 ACPI 20200717)
févr. 10 13:20:30 rayana kernel: ACPI: SSDT 0x00000000B5DE1000 00386E (v01 HPQOEM 88C6     00000001 ACPI 20200717)
févr. 10 13:20:30 rayana kernel: ACPI: WSMT 0x00000000B5DE0000 000028 (v01 HPQOEM 88C6     01072009 HP   00010013)
févr. 10 13:20:30 rayana kernel: ACPI: APIC 0x00000000B5DDF000 0000DE (v04 HPQOEM 88C6     01072009 HP   00010013)
févr. 10 13:20:30 rayana kernel: ACPI: IVRS 0x00000000B5DDE000 0001A4 (v02 HPQOEM 88C6     00000001 HP   00000000)
févr. 10 13:20:30 rayana kernel: ACPI: SSDT 0x00000000B5DDD000 00008D (v01 HPQOEM 88C6     00000001 ACPI 20200717)
févr. 10 13:20:30 rayana kernel: ACPI: SSDT 0x00000000B5DDC000 0008F0 (v01 HPQOEM 88C6     00000001 ACPI 20200717)
févr. 10 13:20:30 rayana kernel: ACPI: SSDT 0x00000000B5DDA000 001774 (v01 HPQOEM 88C6     00000001 ACPI 20200717)
févr. 10 13:20:30 rayana kernel: ACPI: BGRT 0x00000000B5DD9000 000038 (v01 HPQOEM 88C6     01072009 HP   00010013)
févr. 10 13:20:30 rayana kernel: ACPI: Reserving FACP table memory at [mem 0xb5e1a000-0xb5e1a113]
févr. 10 13:20:30 rayana kernel: ACPI: Reserving DSDT table memory at [mem 0xb5e07000-0xb5e1919a]
févr. 10 13:20:30 rayana kernel: ACPI: Reserving FACS table memory at [mem 0xb64d7000-0xb64d703f]
févr. 10 13:20:30 rayana kernel: ACPI: Reserving MSDM table memory at [mem 0xb5e27000-0xb5e27054]
févr. 10 13:20:30 rayana kernel: ACPI: Reserving SSDT table memory at [mem 0xb5e1f000-0xb5e262af]
févr. 10 13:20:30 rayana kernel: ACPI: Reserving SSDT table memory at [mem 0xb5e1b000-0xb5e1ea20]
févr. 10 13:20:30 rayana kernel: ACPI: Reserving FIDT table memory at [mem 0xb5e06000-0xb5e0609b]
févr. 10 13:20:30 rayana kernel: ACPI: Reserving MCFG table memory at [mem 0xb5e05000-0xb5e0503b]
févr. 10 13:20:30 rayana kernel: ACPI: Reserving HPET table memory at [mem 0xb5e04000-0xb5e04037]
févr. 10 13:20:30 rayana kernel: ACPI: Reserving FPDT table memory at [mem 0xb5e03000-0xb5e03043]
févr. 10 13:20:30 rayana kernel: ACPI: Reserving VFCT table memory at [mem 0xb5df5000-0xb5e02883]
févr. 10 13:20:30 rayana kernel: ACPI: Reserving SSDT table memory at [mem 0xb5df4000-0xb5df405f]
févr. 10 13:20:30 rayana kernel: ACPI: Reserving TPM2 table memory at [mem 0xb5df3000-0xb5df304b]
févr. 10 13:20:30 rayana kernel: ACPI: Reserving SSDT table memory at [mem 0xb5ded000-0xb5df2353]
févr. 10 13:20:30 rayana kernel: ACPI: Reserving CRAT table memory at [mem 0xb5dec000-0xb5decf27]
févr. 10 13:20:30 rayana kernel: ACPI: Reserving CDIT table memory at [mem 0xb5deb000-0xb5deb028]
févr. 10 13:20:30 rayana kernel: ACPI: Reserving SSDT table memory at [mem 0xb5dea000-0xb5dea148]
févr. 10 13:20:30 rayana kernel: ACPI: Reserving SSDT table memory at [mem 0xb5de8000-0xb5de948d]
févr. 10 13:20:30 rayana kernel: ACPI: Reserving SSDT table memory at [mem 0xb5de6000-0xb5de751d]
févr. 10 13:20:30 rayana kernel: ACPI: Reserving SSDT table memory at [mem 0xb5de5000-0xb5de5640]
févr. 10 13:20:30 rayana kernel: ACPI: Reserving SSDT table memory at [mem 0xb5de1000-0xb5de486d]
févr. 10 13:20:30 rayana kernel: ACPI: Reserving WSMT table memory at [mem 0xb5de0000-0xb5de0027]
févr. 10 13:20:30 rayana kernel: ACPI: Reserving APIC table memory at [mem 0xb5ddf000-0xb5ddf0dd]
févr. 10 13:20:30 rayana kernel: ACPI: Reserving IVRS table memory at [mem 0xb5dde000-0xb5dde1a3]
févr. 10 13:20:30 rayana kernel: ACPI: Reserving SSDT table memory at [mem 0xb5ddd000-0xb5ddd08c]
févr. 10 13:20:30 rayana kernel: ACPI: Reserving SSDT table memory at [mem 0xb5ddc000-0xb5ddc8ef]
févr. 10 13:20:30 rayana kernel: ACPI: Reserving SSDT table memory at [mem 0xb5dda000-0xb5ddb773]
févr. 10 13:20:30 rayana kernel: ACPI: Reserving BGRT table memory at [mem 0xb5dd9000-0xb5dd9037]
févr. 10 13:20:30 rayana kernel: No NUMA configuration found
févr. 10 13:20:30 rayana kernel: Faking a node at [mem 0x0000000000000000-0x000000041e2fffff]
févr. 10 13:20:30 rayana kernel: NODE_DATA(0) allocated [mem 0x41e2d52c0-0x41e2fffff]
févr. 10 13:20:30 rayana kernel: Zone ranges:
févr. 10 13:20:30 rayana kernel:   DMA      [mem 0x0000000000001000-0x0000000000ffffff]
févr. 10 13:20:30 rayana kernel:   DMA32    [mem 0x0000000001000000-0x00000000ffffffff]
févr. 10 13:20:30 rayana kernel:   Normal   [mem 0x0000000100000000-0x000000041e2fffff]
févr. 10 13:20:30 rayana kernel:   Device   empty
févr. 10 13:20:30 rayana kernel: Movable zone start for each node
févr. 10 13:20:30 rayana kernel: Early memory node ranges
févr. 10 13:20:30 rayana kernel:   node   0: [mem 0x0000000000001000-0x000000000009ffff]
févr. 10 13:20:30 rayana kernel:   node   0: [mem 0x0000000000100000-0x0000000009eeffff]
févr. 10 13:20:30 rayana kernel:   node   0: [mem 0x000000000a001000-0x000000000a1fffff]
févr. 10 13:20:30 rayana kernel:   node   0: [mem 0x000000000a20f000-0x00000000b5c3bfff]
févr. 10 13:20:30 rayana kernel:   node   0: [mem 0x00000000bcffe000-0x00000000bdffffff]
févr. 10 13:20:30 rayana kernel:   node   0: [mem 0x0000000100000000-0x000000041e2fffff]
févr. 10 13:20:30 rayana kernel: Initmem setup node 0 [mem 0x0000000000001000-0x000000041e2fffff]
févr. 10 13:20:30 rayana kernel: On node 0, zone DMA: 1 pages in unavailable ranges
févr. 10 13:20:30 rayana kernel: On node 0, zone DMA: 96 pages in unavailable ranges
févr. 10 13:20:30 rayana kernel: On node 0, zone DMA32: 273 pages in unavailable ranges
févr. 10 13:20:30 rayana kernel: On node 0, zone DMA32: 15 pages in unavailable ranges
févr. 10 13:20:30 rayana kernel: On node 0, zone DMA32: 29634 pages in unavailable ranges
févr. 10 13:20:30 rayana kernel: On node 0, zone Normal: 8192 pages in unavailable ranges
févr. 10 13:20:30 rayana kernel: On node 0, zone Normal: 7424 pages in unavailable ranges
févr. 10 13:20:30 rayana kernel: ACPI: PM-Timer IO Port: 0x808
févr. 10 13:20:30 rayana kernel: ACPI: LAPIC_NMI (acpi_id[0xff] high edge lint[0x1])
févr. 10 13:20:30 rayana kernel: IOAPIC[0]: apic_id 33, version 33, address 0xfec00000, GSI 0-23
févr. 10 13:20:30 rayana kernel: IOAPIC[1]: apic_id 34, version 33, address 0xfec01000, GSI 24-55
févr. 10 13:20:30 rayana kernel: ACPI: INT_SRC_OVR (bus 0 bus_irq 0 global_irq 2 dfl dfl)
févr. 10 13:20:30 rayana kernel: ACPI: INT_SRC_OVR (bus 0 bus_irq 9 global_irq 9 low level)
févr. 10 13:20:30 rayana kernel: ACPI: Using ACPI (MADT) for SMP configuration information
févr. 10 13:20:30 rayana kernel: ACPI: HPET id: 0x10228201 base: 0xfed00000
févr. 10 13:20:30 rayana kernel: e820: update [mem 0xb2b47000-0xb2b5afff] usable ==> reserved
févr. 10 13:20:30 rayana kernel: CPU topo: Max. logical packages:   1
févr. 10 13:20:30 rayana kernel: CPU topo: Max. logical dies:       1
févr. 10 13:20:30 rayana kernel: CPU topo: Max. dies per package:   1
févr. 10 13:20:30 rayana kernel: CPU topo: Max. threads per core:   2
févr. 10 13:20:30 rayana kernel: CPU topo: Num. cores per package:     8
févr. 10 13:20:30 rayana kernel: CPU topo: Num. threads per package:  16
févr. 10 13:20:30 rayana kernel: CPU topo: Allowing 16 present CPUs plus 0 hotplug CPUs
févr. 10 13:20:30 rayana kernel: PM: hibernation: Registered nosave memory: [mem 0x00000000-0x00000fff]
févr. 10 13:20:30 rayana kernel: PM: hibernation: Registered nosave memory: [mem 0x000a0000-0x000fffff]
févr. 10 13:20:30 rayana kernel: PM: hibernation: Registered nosave memory: [mem 0x09ef0000-0x0a000fff]
févr. 10 13:20:30 rayana kernel: PM: hibernation: Registered nosave memory: [mem 0x0a200000-0x0a20efff]
févr. 10 13:20:30 rayana kernel: PM: hibernation: Registered nosave memory: [mem 0xa9364000-0xa9364fff]
févr. 10 13:20:30 rayana kernel: PM: hibernation: Registered nosave memory: [mem 0xa9371000-0xa9371fff]
févr. 10 13:20:30 rayana kernel: PM: hibernation: Registered nosave memory: [mem 0xb2b47000-0xb2b5afff]
févr. 10 13:20:30 rayana kernel: PM: hibernation: Registered nosave memory: [mem 0xb4736000-0xb4736fff]
févr. 10 13:20:30 rayana kernel: PM: hibernation: Registered nosave memory: [mem 0xb5c3c000-0xb5dbafff]
févr. 10 13:20:30 rayana kernel: PM: hibernation: Registered nosave memory: [mem 0xb5dbb000-0xb5e29fff]
févr. 10 13:20:30 rayana kernel: PM: hibernation: Registered nosave memory: [mem 0xb5e2a000-0xb7523fff]
févr. 10 13:20:30 rayana kernel: PM: hibernation: Registered nosave memory: [mem 0xb7524000-0xbcffdfff]
févr. 10 13:20:30 rayana kernel: PM: hibernation: Registered nosave memory: [mem 0xbe000000-0xbfffffff]
févr. 10 13:20:30 rayana kernel: PM: hibernation: Registered nosave memory: [mem 0xc0000000-0xfe6fffff]
févr. 10 13:20:30 rayana kernel: PM: hibernation: Registered nosave memory: [mem 0xfe700000-0xfe700fff]
févr. 10 13:20:30 rayana kernel: PM: hibernation: Registered nosave memory: [mem 0xfe701000-0xfec0ffff]
févr. 10 13:20:30 rayana kernel: PM: hibernation: Registered nosave memory: [mem 0xfec10000-0xfec10fff]
févr. 10 13:20:30 rayana kernel: PM: hibernation: Registered nosave memory: [mem 0xfec11000-0xfecfffff]
févr. 10 13:20:30 rayana kernel: PM: hibernation: Registered nosave memory: [mem 0xfed00000-0xfed00fff]
févr. 10 13:20:30 rayana kernel: PM: hibernation: Registered nosave memory: [mem 0xfed01000-0xfed3ffff]
févr. 10 13:20:30 rayana kernel: PM: hibernation: Registered nosave memory: [mem 0xfed40000-0xfed44fff]
févr. 10 13:20:30 rayana kernel: PM: hibernation: Registered nosave memory: [mem 0xfed45000-0xfed7ffff]
févr. 10 13:20:30 rayana kernel: PM: hibernation: Registered nosave memory: [mem 0xfed80000-0xfed8ffff]
févr. 10 13:20:30 rayana kernel: PM: hibernation: Registered nosave memory: [mem 0xfed90000-0xfedc3fff]
févr. 10 13:20:30 rayana kernel: PM: hibernation: Registered nosave memory: [mem 0xfedc4000-0xfedc9fff]
févr. 10 13:20:30 rayana kernel: PM: hibernation: Registered nosave memory: [mem 0xfedca000-0xfedcbfff]
févr. 10 13:20:30 rayana kernel: PM: hibernation: Registered nosave memory: [mem 0xfedcc000-0xfedcefff]
févr. 10 13:20:30 rayana kernel: PM: hibernation: Registered nosave memory: [mem 0xfedcf000-0xfedd4fff]
févr. 10 13:20:30 rayana kernel: PM: hibernation: Registered nosave memory: [mem 0xfedd5000-0xfedd5fff]
févr. 10 13:20:30 rayana kernel: PM: hibernation: Registered nosave memory: [mem 0xfedd6000-0xffffffff]
févr. 10 13:20:30 rayana kernel: [mem 0xc0000000-0xfe6fffff] available for PCI devices
févr. 10 13:20:30 rayana kernel: Booting paravirtualized kernel on bare hardware
févr. 10 13:20:30 rayana kernel: clocksource: refined-jiffies: mask: 0xffffffff max_cycles: 0xffffffff, max_idle_ns: 6370452778343963 ns
févr. 10 13:20:30 rayana kernel: setup_percpu: NR_CPUS:8192 nr_cpumask_bits:16 nr_cpu_ids:16 nr_node_ids:1
févr. 10 13:20:30 rayana kernel: percpu: Embedded 67 pages/cpu s237568 r8192 d28672 u524288
févr. 10 13:20:30 rayana kernel: pcpu-alloc: s237568 r8192 d28672 u524288 alloc=1*2097152
févr. 10 13:20:30 rayana kernel: pcpu-alloc: [0] 00 01 02 03 [0] 04 05 06 07 
févr. 10 13:20:30 rayana kernel: pcpu-alloc: [0] 08 09 10 11 [0] 12 13 14 15 
févr. 10 13:20:30 rayana kernel: Kernel command line: BOOT_IMAGE=/vmlinuz-linux-lts root=UUID=d64f9b1d-86ec-4eee-a5df-5dce0e806f52 rw quiet splash loglevel=3
févr. 10 13:20:30 rayana kernel: Unknown kernel command line parameters "splash BOOT_IMAGE=/vmlinuz-linux-lts", will be passed to user space.
févr. 10 13:20:30 rayana kernel: Dentry cache hash table entries: 2097152 (order: 12, 16777216 bytes, linear)
févr. 10 13:20:30 rayana kernel: Inode-cache hash table entries: 1048576 (order: 11, 8388608 bytes, linear)
févr. 10 13:20:30 rayana kernel: Fallback order for Node 0: 0 
févr. 10 13:20:30 rayana kernel: Built 1 zonelists, mobility grouping on.  Total pages: 4017597
févr. 10 13:20:30 rayana kernel: Policy zone: Normal
févr. 10 13:20:30 rayana kernel: mem auto-init: stack:all(zero), heap alloc:on, heap free:off
févr. 10 13:20:30 rayana kernel: software IO TLB: area num 16.
févr. 10 13:20:30 rayana kernel: SLUB: HWalign=64, Order=0-3, MinObjects=0, CPUs=16, Nodes=1
févr. 10 13:20:30 rayana kernel: ftrace: allocating 51362 entries in 201 pages
févr. 10 13:20:30 rayana kernel: ftrace: allocated 201 pages with 4 groups
févr. 10 13:20:30 rayana kernel: Dynamic Preempt: voluntary
févr. 10 13:20:30 rayana kernel: rcu: Preemptible hierarchical RCU implementation.
févr. 10 13:20:30 rayana kernel: rcu:         RCU restricting CPUs from NR_CPUS=8192 to nr_cpu_ids=16.
févr. 10 13:20:30 rayana kernel: rcu:         RCU priority boosting: priority 1 delay 500 ms.
févr. 10 13:20:30 rayana kernel:         Trampoline variant of Tasks RCU enabled.
févr. 10 13:20:30 rayana kernel:         Rude variant of Tasks RCU enabled.
févr. 10 13:20:30 rayana kernel:         Tracing variant of Tasks RCU enabled.
févr. 10 13:20:30 rayana kernel: rcu: RCU calculated value of scheduler-enlistment delay is 30 jiffies.
févr. 10 13:20:30 rayana kernel: rcu: Adjusting geometry for rcu_fanout_leaf=16, nr_cpu_ids=16
févr. 10 13:20:30 rayana kernel: RCU Tasks: Setting shift to 4 and lim to 1 rcu_task_cb_adjust=1 rcu_task_cpu_ids=16.
févr. 10 13:20:30 rayana kernel: RCU Tasks Rude: Setting shift to 4 and lim to 1 rcu_task_cb_adjust=1 rcu_task_cpu_ids=16.
févr. 10 13:20:30 rayana kernel: RCU Tasks Trace: Setting shift to 4 and lim to 1 rcu_task_cb_adjust=1 rcu_task_cpu_ids=16.
févr. 10 13:20:30 rayana kernel: NR_IRQS: 524544, nr_irqs: 1096, preallocated irqs: 16
févr. 10 13:20:30 rayana kernel: rcu: srcu_init: Setting srcu_struct sizes based on contention.
févr. 10 13:20:30 rayana kernel: kfence: initialized - using 2097152 bytes for 255 objects at 0x(____ptrval____)-0x(____ptrval____)
févr. 10 13:20:30 rayana kernel: Console: colour dummy device 80x25
févr. 10 13:20:30 rayana kernel: printk: legacy console [tty0] enabled
févr. 10 13:20:30 rayana kernel: ACPI: Core revision 20240827
févr. 10 13:20:30 rayana kernel: clocksource: hpet: mask: 0xffffffff max_cycles: 0xffffffff, max_idle_ns: 133484873504 ns
févr. 10 13:20:30 rayana kernel: APIC: Switch to symmetric I/O mode setup
févr. 10 13:20:30 rayana kernel: AMD-Vi: ivrs, add hid:AMDI0020, uid:\_SB.FUR0, rdevid:160
févr. 10 13:20:30 rayana kernel: AMD-Vi: ivrs, add hid:AMDI0020, uid:\_SB.FUR1, rdevid:160
févr. 10 13:20:30 rayana kernel: AMD-Vi: ivrs, add hid:AMDI0020, uid:\_SB.FUR2, rdevid:160
févr. 10 13:20:30 rayana kernel: AMD-Vi: ivrs, add hid:AMDI0020, uid:\_SB.FUR3, rdevid:160
févr. 10 13:20:30 rayana kernel: AMD-Vi: Using global IVHD EFR:0x206d73ef22254ade, EFR2:0x0
févr. 10 13:20:30 rayana kernel: ..TIMER: vector=0x30 apic1=0 pin1=2 apic2=-1 pin2=-1
févr. 10 13:20:30 rayana kernel: clocksource: tsc-early: mask: 0xffffffffffffffff max_cycles: 0x19e646d8571, max_idle_ns: 440795225063 ns
févr. 10 13:20:30 rayana kernel: Calibrating delay loop (skipped), value calculated using timer frequency.. 3594.28 BogoMIPS (lpj=5989263)
févr. 10 13:20:30 rayana kernel: x86/cpu: User Mode Instruction Prevention (UMIP) activated
févr. 10 13:20:30 rayana kernel: LVT offset 1 assigned for vector 0xf9
févr. 10 13:20:30 rayana kernel: LVT offset 2 assigned for vector 0xf4
févr. 10 13:20:30 rayana kernel: Last level iTLB entries: 4KB 1024, 2MB 1024, 4MB 512
févr. 10 13:20:30 rayana kernel: Last level dTLB entries: 4KB 2048, 2MB 2048, 4MB 1024, 1GB 0
févr. 10 13:20:30 rayana kernel: process: using mwait in idle threads
févr. 10 13:20:30 rayana kernel: Spectre V1 : Mitigation: usercopy/swapgs barriers and __user pointer sanitization
févr. 10 13:20:30 rayana kernel: Spectre V2 : Mitigation: Retpolines
févr. 10 13:20:30 rayana kernel: Spectre V2 : Spectre v2 / SpectreRSB mitigation: Filling RSB on context switch
févr. 10 13:20:30 rayana kernel: Spectre V2 : Spectre v2 / SpectreRSB : Filling RSB on VMEXIT
févr. 10 13:20:30 rayana kernel: Spectre V2 : Enabling Speculation Barrier for firmware calls
févr. 10 13:20:30 rayana kernel: RETBleed: Mitigation: untrained return thunk
févr. 10 13:20:30 rayana kernel: Spectre V2 : mitigation: Enabling conditional Indirect Branch Prediction Barrier
févr. 10 13:20:30 rayana kernel: Spectre V2 : Selecting STIBP always-on mode to complement retbleed mitigation
févr. 10 13:20:30 rayana kernel: Spectre V2 : User space: Mitigation: STIBP always-on protection
févr. 10 13:20:30 rayana kernel: Speculative Store Bypass: Mitigation: Speculative Store Bypass disabled via prctl
févr. 10 13:20:30 rayana kernel: Speculative Return Stack Overflow: Mitigation: Safe RET
févr. 10 13:20:30 rayana kernel: x86/fpu: Supporting XSAVE feature 0x001: 'x87 floating point registers'
févr. 10 13:20:30 rayana kernel: x86/fpu: Supporting XSAVE feature 0x002: 'SSE registers'
févr. 10 13:20:30 rayana kernel: x86/fpu: Supporting XSAVE feature 0x004: 'AVX registers'
févr. 10 13:20:30 rayana kernel: x86/fpu: xstate_offset[2]:  576, xstate_sizes[2]:  256
févr. 10 13:20:30 rayana kernel: x86/fpu: Enabled xstate features 0x7, context size is 832 bytes, using 'compacted' format.
févr. 10 13:20:30 rayana kernel: Freeing SMP alternatives memory: 40K
févr. 10 13:20:30 rayana kernel: pid_max: default: 32768 minimum: 301
févr. 10 13:20:30 rayana kernel: LSM: initializing lsm=capability,landlock,lockdown,yama,bpf
févr. 10 13:20:30 rayana kernel: landlock: Up and running.
févr. 10 13:20:30 rayana kernel: Yama: becoming mindful.
févr. 10 13:20:30 rayana kernel: LSM support for eBPF active
févr. 10 13:20:30 rayana kernel: Mount-cache hash table entries: 32768 (order: 6, 262144 bytes, linear)
févr. 10 13:20:30 rayana kernel: Mountpoint-cache hash table entries: 32768 (order: 6, 262144 bytes, linear)
févr. 10 13:20:30 rayana kernel: smpboot: CPU0: AMD Ryzen 7 5700U with Radeon Graphics (family: 0x17, model: 0x68, stepping: 0x1)
févr. 10 13:20:30 rayana kernel: Performance Events: Fam17h+ core perfctr, AMD PMU driver.
févr. 10 13:20:30 rayana kernel: ... version:                0
févr. 10 13:20:30 rayana kernel: ... bit width:              48
févr. 10 13:20:30 rayana kernel: ... generic registers:      6
févr. 10 13:20:30 rayana kernel: ... value mask:             0000ffffffffffff
févr. 10 13:20:30 rayana kernel: ... max period:             00007fffffffffff
févr. 10 13:20:30 rayana kernel: ... fixed-purpose events:   0
févr. 10 13:20:30 rayana kernel: ... event mask:             000000000000003f
févr. 10 13:20:30 rayana kernel: signal: max sigframe size: 1776
févr. 10 13:20:30 rayana kernel: rcu: Hierarchical SRCU implementation.
févr. 10 13:20:30 rayana kernel: rcu:         Max phase no-delay instances is 1000.
févr. 10 13:20:30 rayana kernel: Timer migration: 2 hierarchy levels; 8 children per group; 2 crossnode level
févr. 10 13:20:30 rayana kernel: MCE: In-kernel MCE decoding enabled.
févr. 10 13:20:30 rayana kernel: NMI watchdog: Enabled. Permanently consumes one hw-PMU counter.
févr. 10 13:20:30 rayana kernel: smp: Bringing up secondary CPUs ...
févr. 10 13:20:30 rayana kernel: smpboot: x86: Booting SMP configuration:
févr. 10 13:20:30 rayana kernel: .... node  #0, CPUs:        #2  #4  #6  #8 #10 #12 #14  #1  #3  #5  #7  #9 #11 #13 #15
févr. 10 13:20:30 rayana kernel: Spectre V2 : Update user space SMT mitigation: STIBP always-on
févr. 10 13:20:30 rayana kernel: smp: Brought up 1 node, 16 CPUs
févr. 10 13:20:30 rayana kernel: smpboot: Total of 16 processors activated (57519.63 BogoMIPS)
févr. 10 13:20:30 rayana kernel: Memory: 15593280K/16070388K available (18432K kernel code, 2672K rwdata, 14320K rodata, 4268K init, 4024K bss, 454496K reserved, 0K cma-reserved)
févr. 10 13:20:30 rayana kernel: devtmpfs: initialized
févr. 10 13:20:30 rayana kernel: x86/mm: Memory block size: 128MB
févr. 10 13:20:30 rayana kernel: ACPI: PM: Registering ACPI NVS region [mem 0x0a200000-0x0a20efff] (61440 bytes)
févr. 10 13:20:30 rayana kernel: ACPI: PM: Registering ACPI NVS region [mem 0xb5e2a000-0xb7523fff] (24092672 bytes)
févr. 10 13:20:30 rayana kernel: clocksource: jiffies: mask: 0xffffffff max_cycles: 0xffffffff, max_idle_ns: 6370867519511994 ns
févr. 10 13:20:30 rayana kernel: futex hash table entries: 4096 (order: 6, 262144 bytes, linear)
févr. 10 13:20:30 rayana kernel: pinctrl core: initialized pinctrl subsystem
févr. 10 13:20:30 rayana kernel: PM: RTC time: 12:20:23, date: 2025-02-10
févr. 10 13:20:30 rayana kernel: NET: Registered PF_NETLINK/PF_ROUTE protocol family
févr. 10 13:20:30 rayana kernel: DMA: preallocated 2048 KiB GFP_KERNEL pool for atomic allocations
févr. 10 13:20:30 rayana kernel: DMA: preallocated 2048 KiB GFP_KERNEL|GFP_DMA pool for atomic allocations
févr. 10 13:20:30 rayana kernel: DMA: preallocated 2048 KiB GFP_KERNEL|GFP_DMA32 pool for atomic allocations
févr. 10 13:20:30 rayana kernel: audit: initializing netlink subsys (disabled)
févr. 10 13:20:30 rayana kernel: audit: type=2000 audit(1739190023.199:1): state=initialized audit_enabled=0 res=1
févr. 10 13:20:30 rayana kernel: thermal_sys: Registered thermal governor 'fair_share'
févr. 10 13:20:30 rayana kernel: thermal_sys: Registered thermal governor 'bang_bang'
févr. 10 13:20:30 rayana kernel: thermal_sys: Registered thermal governor 'step_wise'
févr. 10 13:20:30 rayana kernel: thermal_sys: Registered thermal governor 'user_space'
févr. 10 13:20:30 rayana kernel: thermal_sys: Registered thermal governor 'power_allocator'
févr. 10 13:20:30 rayana kernel: cpuidle: using governor ladder
févr. 10 13:20:30 rayana kernel: cpuidle: using governor menu
févr. 10 13:20:30 rayana kernel: ACPI FADT declares the system doesn't support PCIe ASPM, so disable it
févr. 10 13:20:30 rayana kernel: acpiphp: ACPI Hot Plug PCI Controller Driver version: 0.5
févr. 10 13:20:30 rayana kernel: PCI: ECAM [mem 0xf0000000-0xf7ffffff] (base 0xf0000000) for domain 0000 [bus 00-7f]
févr. 10 13:20:30 rayana kernel: PCI: Using configuration type 1 for base access
févr. 10 13:20:30 rayana kernel: kprobes: kprobe jump-optimization is enabled. All kprobes are optimized if possible.
févr. 10 13:20:30 rayana kernel: HugeTLB: registered 1.00 GiB page size, pre-allocated 0 pages
févr. 10 13:20:30 rayana kernel: HugeTLB: 16380 KiB vmemmap can be freed for a 1.00 GiB page
févr. 10 13:20:30 rayana kernel: HugeTLB: registered 2.00 MiB page size, pre-allocated 0 pages
févr. 10 13:20:30 rayana kernel: HugeTLB: 28 KiB vmemmap can be freed for a 2.00 MiB page
févr. 10 13:20:30 rayana kernel: ACPI: Added _OSI(Module Device)
févr. 10 13:20:30 rayana kernel: ACPI: Added _OSI(Processor Device)
févr. 10 13:20:30 rayana kernel: ACPI: Added _OSI(3.0 _SCP Extensions)
févr. 10 13:20:30 rayana kernel: ACPI: Added _OSI(Processor Aggregator Device)
févr. 10 13:20:30 rayana kernel: ACPI BIOS Error (bug): Failure creating named object [\_SB.PCI0.SBRG.EC0._Q50], AE_ALREADY_EXISTS (20240827/dswload2-326)
févr. 10 13:20:30 rayana kernel: ACPI Error: AE_ALREADY_EXISTS, During name lookup/catalog (20240827/psobject-220)
févr. 10 13:20:30 rayana kernel: ACPI: Skipping parse of AML opcode: Method (0x0014)
févr. 10 13:20:30 rayana kernel: ACPI: 13 ACPI AML tables successfully acquired and loaded
févr. 10 13:20:30 rayana kernel: ACPI: [Firmware Bug]: BIOS _OSI(Linux) query ignored
févr. 10 13:20:30 rayana kernel: ACPI: EC: EC started
févr. 10 13:20:30 rayana kernel: ACPI: EC: interrupt blocked
févr. 10 13:20:30 rayana kernel: ACPI: EC: EC_CMD/EC_SC=0x66, EC_DATA=0x62
févr. 10 13:20:30 rayana kernel: ACPI: \_SB_.PCI0.SBRG.EC0_: Boot DSDT EC used to handle transactions
févr. 10 13:20:30 rayana kernel: ACPI: Interpreter enabled
févr. 10 13:20:30 rayana kernel: ACPI: PM: (supports S0 S3 S4 S5)
févr. 10 13:20:30 rayana kernel: ACPI: Using IOAPIC for interrupt routing
févr. 10 13:20:30 rayana kernel: PCI: Using host bridge windows from ACPI; if necessary, use "pci=nocrs" and report a bug
févr. 10 13:20:30 rayana kernel: PCI: Ignoring E820 reservations for host bridge windows
févr. 10 13:20:30 rayana kernel: ACPI: Enabled 4 GPEs in block 00 to 1F
févr. 10 13:20:30 rayana kernel: ACPI: \_SB_.PCI0.GP18.SATA.P0SA: New power resource
févr. 10 13:20:30 rayana kernel: ACPI: \_SB_.PCI0.GP18.SAT1.P0SA: New power resource
févr. 10 13:20:30 rayana kernel: ACPI: \_SB_.PRWL: New power resource
févr. 10 13:20:30 rayana kernel: ACPI: \_SB_.PRWB: New power resource
févr. 10 13:20:30 rayana kernel: ACPI: \_TZ_.FN00: New power resource
févr. 10 13:20:30 rayana kernel: ACPI: PCI Root Bridge [PCI0] (domain 0000 [bus 00-ff])
févr. 10 13:20:30 rayana kernel: acpi PNP0A08:00: _OSC: OS supports [ExtendedConfig ASPM ClockPM Segments MSI EDR HPX-Type3]
févr. 10 13:20:30 rayana kernel: acpi PNP0A08:00: _OSC: platform does not support [SHPCHotplug LTR DPC]
févr. 10 13:20:30 rayana kernel: acpi PNP0A08:00: _OSC: OS now controls [PCIeHotplug PME AER PCIeCapability]
févr. 10 13:20:30 rayana kernel: acpi PNP0A08:00: FADT indicates ASPM is unsupported, using BIOS configuration
févr. 10 13:20:30 rayana kernel: acpi PNP0A08:00: [Firmware Info]: ECAM [mem 0xf0000000-0xf7ffffff] for domain 0000 [bus 00-7f] only partially covers this bridge
févr. 10 13:20:30 rayana kernel: PCI host bridge to bus 0000:00
févr. 10 13:20:30 rayana kernel: pci_bus 0000:00: root bus resource [io  0x0000-0x03af window]
févr. 10 13:20:30 rayana kernel: pci_bus 0000:00: root bus resource [io  0x03e0-0x0cf7 window]
févr. 10 13:20:30 rayana kernel: pci_bus 0000:00: root bus resource [io  0x03b0-0x03df window]
févr. 10 13:20:30 rayana kernel: pci_bus 0000:00: root bus resource [io  0x0d00-0xffff window]
févr. 10 13:20:30 rayana kernel: pci_bus 0000:00: root bus resource [mem 0x000a0000-0x000dffff window]
févr. 10 13:20:30 rayana kernel: pci_bus 0000:00: root bus resource [mem 0xc0000000-0xfebfffff window]
févr. 10 13:20:30 rayana kernel: pci_bus 0000:00: root bus resource [mem 0xfee00000-0xffffffff window]
févr. 10 13:20:30 rayana kernel: pci_bus 0000:00: root bus resource [bus 00-ff]
févr. 10 13:20:30 rayana kernel: pci 0000:00:00.0: [1022:1630] type 00 class 0x060000 conventional PCI endpoint
févr. 10 13:20:30 rayana kernel: pci 0000:00:00.2: [1022:1631] type 00 class 0x080600 conventional PCI endpoint
févr. 10 13:20:30 rayana kernel: pci 0000:00:01.0: [1022:1632] type 00 class 0x060000 conventional PCI endpoint
févr. 10 13:20:30 rayana kernel: pci 0000:00:02.0: [1022:1632] type 00 class 0x060000 conventional PCI endpoint
févr. 10 13:20:30 rayana kernel: pci 0000:00:02.2: [1022:1634] type 01 class 0x060400 PCIe Root Port
févr. 10 13:20:30 rayana kernel: pci 0000:00:02.2: PCI bridge to [bus 01]
févr. 10 13:20:30 rayana kernel: pci 0000:00:02.2:   bridge window [io  0xf000-0xffff]
févr. 10 13:20:30 rayana kernel: pci 0000:00:02.2:   bridge window [mem 0xfcf00000-0xfcffffff]
févr. 10 13:20:30 rayana kernel: pci 0000:00:02.2: enabling Extended Tags
févr. 10 13:20:30 rayana kernel: pci 0000:00:02.2: PME# supported from D0 D3hot D3cold
févr. 10 13:20:30 rayana kernel: pci 0000:00:02.4: [1022:1634] type 01 class 0x060400 PCIe Root Port
févr. 10 13:20:30 rayana kernel: pci 0000:00:02.4: PCI bridge to [bus 02]
févr. 10 13:20:30 rayana kernel: pci 0000:00:02.4:   bridge window [mem 0xfce00000-0xfcefffff]
févr. 10 13:20:30 rayana kernel: pci 0000:00:02.4: enabling Extended Tags
févr. 10 13:20:30 rayana kernel: pci 0000:00:02.4: PME# supported from D0 D3hot D3cold
févr. 10 13:20:30 rayana kernel: pci 0000:00:08.0: [1022:1632] type 00 class 0x060000 conventional PCI endpoint
févr. 10 13:20:30 rayana kernel: pci 0000:00:08.1: [1022:1635] type 01 class 0x060400 PCIe Root Port
févr. 10 13:20:30 rayana kernel: pci 0000:00:08.1: PCI bridge to [bus 03]
févr. 10 13:20:30 rayana kernel: pci 0000:00:08.1:   bridge window [io  0xe000-0xefff]
févr. 10 13:20:30 rayana kernel: pci 0000:00:08.1:   bridge window [mem 0xfca00000-0xfcdfffff]
févr. 10 13:20:30 rayana kernel: pci 0000:00:08.1:   bridge window [mem 0xd0000000-0xe01fffff 64bit pref]
févr. 10 13:20:30 rayana kernel: pci 0000:00:08.1: enabling Extended Tags
févr. 10 13:20:30 rayana kernel: pci 0000:00:08.1: PME# supported from D0 D3hot D3cold
févr. 10 13:20:30 rayana kernel: pci 0000:00:14.0: [1022:790b] type 00 class 0x0c0500 conventional PCI endpoint
févr. 10 13:20:30 rayana kernel: pci 0000:00:14.3: [1022:790e] type 00 class 0x060100 conventional PCI endpoint
févr. 10 13:20:30 rayana kernel: pci 0000:00:18.0: [1022:1448] type 00 class 0x060000 conventional PCI endpoint
févr. 10 13:20:30 rayana kernel: pci 0000:00:18.1: [1022:1449] type 00 class 0x060000 conventional PCI endpoint
févr. 10 13:20:30 rayana kernel: pci 0000:00:18.2: [1022:144a] type 00 class 0x060000 conventional PCI endpoint
févr. 10 13:20:30 rayana kernel: pci 0000:00:18.3: [1022:144b] type 00 class 0x060000 conventional PCI endpoint
févr. 10 13:20:30 rayana kernel: pci 0000:00:18.4: [1022:144c] type 00 class 0x060000 conventional PCI endpoint
févr. 10 13:20:30 rayana kernel: pci 0000:00:18.5: [1022:144d] type 00 class 0x060000 conventional PCI endpoint
févr. 10 13:20:30 rayana kernel: pci 0000:00:18.6: [1022:144e] type 00 class 0x060000 conventional PCI endpoint
févr. 10 13:20:30 rayana kernel: pci 0000:00:18.7: [1022:144f] type 00 class 0x060000 conventional PCI endpoint
févr. 10 13:20:30 rayana kernel: pci 0000:01:00.0: [10ec:c821] type 00 class 0x028000 PCIe Endpoint
févr. 10 13:20:30 rayana kernel: pci 0000:01:00.0: BAR 0 [io  0xf000-0xf0ff]
févr. 10 13:20:30 rayana kernel: pci 0000:01:00.0: BAR 2 [mem 0xfcf00000-0xfcf0ffff 64bit]
févr. 10 13:20:30 rayana kernel: pci 0000:01:00.0: supports D1 D2
févr. 10 13:20:30 rayana kernel: pci 0000:01:00.0: PME# supported from D0 D1 D2 D3hot D3cold
févr. 10 13:20:30 rayana kernel: pci 0000:00:02.2: PCI bridge to [bus 01]
févr. 10 13:20:30 rayana kernel: pci 0000:02:00.0: [15b7:5017] type 00 class 0x010802 PCIe Endpoint
févr. 10 13:20:30 rayana kernel: pci 0000:02:00.0: BAR 0 [mem 0xfce00000-0xfce03fff 64bit]
févr. 10 13:20:30 rayana kernel: pci 0000:02:00.0: 31.504 Gb/s available PCIe bandwidth, limited by 8.0 GT/s PCIe x4 link at 0000:00:02.4 (capable of 63.012 Gb/s with 16.0 GT/s PCIe x4 link)
févr. 10 13:20:30 rayana kernel: pci 0000:00:02.4: PCI bridge to [bus 02]
févr. 10 13:20:30 rayana kernel: pci 0000:03:00.0: [1002:164c] type 00 class 0x030000 PCIe Legacy Endpoint
févr. 10 13:20:30 rayana kernel: pci 0000:03:00.0: BAR 0 [mem 0xd0000000-0xdfffffff 64bit pref]
févr. 10 13:20:30 rayana kernel: pci 0000:03:00.0: BAR 2 [mem 0xe0000000-0xe01fffff 64bit pref]
févr. 10 13:20:30 rayana kernel: pci 0000:03:00.0: BAR 4 [io  0xe000-0xe0ff]
févr. 10 13:20:30 rayana kernel: pci 0000:03:00.0: BAR 5 [mem 0xfcd00000-0xfcd7ffff]
févr. 10 13:20:30 rayana kernel: pci 0000:03:00.0: enabling Extended Tags
févr. 10 13:20:30 rayana kernel: pci 0000:03:00.0: PME# supported from D1 D2 D3hot D3cold
févr. 10 13:20:30 rayana kernel: pci 0000:03:00.0: 126.016 Gb/s available PCIe bandwidth, limited by 8.0 GT/s PCIe x16 link at 0000:00:08.1 (capable of 252.048 Gb/s with 16.0 GT/s PCIe x16 link)
févr. 10 13:20:30 rayana kernel: pci 0000:03:00.1: [1002:1637] type 00 class 0x040300 PCIe Legacy Endpoint
févr. 10 13:20:30 rayana kernel: pci 0000:03:00.1: BAR 0 [mem 0xfcdc8000-0xfcdcbfff]
févr. 10 13:20:30 rayana kernel: pci 0000:03:00.1: enabling Extended Tags
févr. 10 13:20:30 rayana kernel: pci 0000:03:00.1: PME# supported from D1 D2 D3hot D3cold
févr. 10 13:20:30 rayana kernel: pci 0000:03:00.2: [1022:15df] type 00 class 0x108000 PCIe Endpoint
févr. 10 13:20:30 rayana kernel: pci 0000:03:00.2: BAR 2 [mem 0xfcc00000-0xfccfffff]
févr. 10 13:20:30 rayana kernel: pci 0000:03:00.2: BAR 5 [mem 0xfcdcc000-0xfcdcdfff]
févr. 10 13:20:30 rayana kernel: pci 0000:03:00.2: enabling Extended Tags
févr. 10 13:20:30 rayana kernel: pci 0000:03:00.3: [1022:1639] type 00 class 0x0c0330 PCIe Endpoint
févr. 10 13:20:30 rayana kernel: pci 0000:03:00.3: BAR 0 [mem 0xfcb00000-0xfcbfffff 64bit]
févr. 10 13:20:30 rayana kernel: pci 0000:03:00.3: enabling Extended Tags
févr. 10 13:20:30 rayana kernel: pci 0000:03:00.3: PME# supported from D0 D3hot D3cold
févr. 10 13:20:30 rayana kernel: pci 0000:03:00.4: [1022:1639] type 00 class 0x0c0330 PCIe Endpoint
févr. 10 13:20:30 rayana kernel: pci 0000:03:00.4: BAR 0 [mem 0xfca00000-0xfcafffff 64bit]
févr. 10 13:20:30 rayana kernel: pci 0000:03:00.4: enabling Extended Tags
févr. 10 13:20:30 rayana kernel: pci 0000:03:00.4: PME# supported from D0 D3hot D3cold
févr. 10 13:20:30 rayana kernel: pci 0000:03:00.5: [1022:15e2] type 00 class 0x048000 PCIe Endpoint
févr. 10 13:20:30 rayana kernel: pci 0000:03:00.5: BAR 0 [mem 0xfcd80000-0xfcdbffff]
févr. 10 13:20:30 rayana kernel: pci 0000:03:00.5: enabling Extended Tags
févr. 10 13:20:30 rayana kernel: pci 0000:03:00.5: PME# supported from D0 D3hot D3cold
févr. 10 13:20:30 rayana kernel: pci 0000:03:00.6: [1022:15e3] type 00 class 0x040300 PCIe Endpoint
févr. 10 13:20:30 rayana kernel: pci 0000:03:00.6: BAR 0 [mem 0xfcdc0000-0xfcdc7fff]
févr. 10 13:20:30 rayana kernel: pci 0000:03:00.6: enabling Extended Tags
févr. 10 13:20:30 rayana kernel: pci 0000:03:00.6: PME# supported from D0 D3hot D3cold
févr. 10 13:20:30 rayana kernel: pci 0000:00:08.1: PCI bridge to [bus 03]
févr. 10 13:20:30 rayana kernel: ACPI: PCI: Interrupt link LNKA configured for IRQ 0
févr. 10 13:20:30 rayana kernel: ACPI: PCI: Interrupt link LNKB configured for IRQ 0
févr. 10 13:20:30 rayana kernel: ACPI: PCI: Interrupt link LNKC configured for IRQ 0
févr. 10 13:20:30 rayana kernel: ACPI: PCI: Interrupt link LNKD configured for IRQ 0
févr. 10 13:20:30 rayana kernel: ACPI: PCI: Interrupt link LNKE configured for IRQ 0
févr. 10 13:20:30 rayana kernel: ACPI: PCI: Interrupt link LNKF configured for IRQ 0
févr. 10 13:20:30 rayana kernel: ACPI: PCI: Interrupt link LNKG configured for IRQ 0
févr. 10 13:20:30 rayana kernel: ACPI: PCI: Interrupt link LNKH configured for IRQ 0
févr. 10 13:20:30 rayana kernel: ACPI: EC: interrupt unblocked
févr. 10 13:20:30 rayana kernel: ACPI: EC: event unblocked
févr. 10 13:20:30 rayana kernel: ACPI: EC: EC_CMD/EC_SC=0x66, EC_DATA=0x62
févr. 10 13:20:30 rayana kernel: ACPI: EC: GPE=0x3
févr. 10 13:20:30 rayana kernel: ACPI: \_SB_.PCI0.SBRG.EC0_: Boot DSDT EC initialization complete
févr. 10 13:20:30 rayana kernel: ACPI: \_SB_.PCI0.SBRG.EC0_: EC: Used to handle transactions and events
févr. 10 13:20:30 rayana kernel: iommu: Default domain type: Translated
févr. 10 13:20:30 rayana kernel: iommu: DMA domain TLB invalidation policy: lazy mode
févr. 10 13:20:30 rayana kernel: SCSI subsystem initialized
févr. 10 13:20:30 rayana kernel: libata version 3.00 loaded.
févr. 10 13:20:30 rayana kernel: ACPI: bus type USB registered
févr. 10 13:20:30 rayana kernel: usbcore: registered new interface driver usbfs
févr. 10 13:20:30 rayana kernel: usbcore: registered new interface driver hub
févr. 10 13:20:30 rayana kernel: usbcore: registered new device driver usb
févr. 10 13:20:30 rayana kernel: EDAC MC: Ver: 3.0.0
févr. 10 13:20:30 rayana kernel: efivars: Registered efivars operations
févr. 10 13:20:30 rayana kernel: NetLabel: Initializing
févr. 10 13:20:30 rayana kernel: NetLabel:  domain hash size = 128
févr. 10 13:20:30 rayana kernel: NetLabel:  protocols = UNLABELED CIPSOv4 CALIPSO
févr. 10 13:20:30 rayana kernel: NetLabel:  unlabeled traffic allowed by default
févr. 10 13:20:30 rayana kernel: mctp: management component transport protocol core
févr. 10 13:20:30 rayana kernel: NET: Registered PF_MCTP protocol family
févr. 10 13:20:30 rayana kernel: PCI: Using ACPI for IRQ routing
févr. 10 13:20:30 rayana kernel: PCI: pci_cache_line_size set to 64 bytes
févr. 10 13:20:30 rayana kernel: e820: reserve RAM buffer [mem 0x09ef0000-0x0bffffff]
févr. 10 13:20:30 rayana kernel: e820: reserve RAM buffer [mem 0x0a200000-0x0bffffff]
févr. 10 13:20:30 rayana kernel: e820: reserve RAM buffer [mem 0xa9364018-0xabffffff]
févr. 10 13:20:30 rayana kernel: e820: reserve RAM buffer [mem 0xb2b47000-0xb3ffffff]
févr. 10 13:20:30 rayana kernel: e820: reserve RAM buffer [mem 0xb4736000-0xb7ffffff]
févr. 10 13:20:30 rayana kernel: e820: reserve RAM buffer [mem 0xb5c3c000-0xb7ffffff]
févr. 10 13:20:30 rayana kernel: e820: reserve RAM buffer [mem 0xbe000000-0xbfffffff]
févr. 10 13:20:30 rayana kernel: e820: reserve RAM buffer [mem 0x41e300000-0x41fffffff]
févr. 10 13:20:30 rayana kernel: pci 0000:03:00.0: vgaarb: setting as boot VGA device
févr. 10 13:20:30 rayana kernel: pci 0000:03:00.0: vgaarb: bridge control possible
févr. 10 13:20:30 rayana kernel: pci 0000:03:00.0: vgaarb: VGA device added: decodes=io+mem,owns=none,locks=none
févr. 10 13:20:30 rayana kernel: vgaarb: loaded
févr. 10 13:20:30 rayana kernel: hpet0: at MMIO 0xfed00000, IRQs 2, 8, 0
févr. 10 13:20:30 rayana kernel: hpet0: 3 comparators, 32-bit 14.318180 MHz counter
févr. 10 13:20:30 rayana kernel: clocksource: Switched to clocksource tsc-early
févr. 10 13:20:30 rayana kernel: VFS: Disk quotas dquot_6.6.0
févr. 10 13:20:30 rayana kernel: VFS: Dquot-cache hash table entries: 512 (order 0, 4096 bytes)
févr. 10 13:20:30 rayana kernel: pnp: PnP ACPI init
févr. 10 13:20:30 rayana kernel: system 00:00: [mem 0xf0000000-0xf7ffffff] has been reserved
févr. 10 13:20:30 rayana kernel: system 00:03: [io  0x04d0-0x04d1] has been reserved
févr. 10 13:20:30 rayana kernel: system 00:03: [io  0x040b] has been reserved
févr. 10 13:20:30 rayana kernel: system 00:03: [io  0x04d6] has been reserved
févr. 10 13:20:30 rayana kernel: system 00:03: [io  0x0c00-0x0c01] has been reserved
févr. 10 13:20:30 rayana kernel: system 00:03: [io  0x0c14] has been reserved
févr. 10 13:20:30 rayana kernel: system 00:03: [io  0x0c50-0x0c51] has been reserved
févr. 10 13:20:30 rayana kernel: system 00:03: [io  0x0c52] has been reserved
févr. 10 13:20:30 rayana kernel: system 00:03: [io  0x0c6c] has been reserved
févr. 10 13:20:30 rayana kernel: system 00:03: [io  0x0c6f] has been reserved
févr. 10 13:20:30 rayana kernel: system 00:03: [io  0x0cd8-0x0cdf] has been reserved
févr. 10 13:20:30 rayana kernel: system 00:03: [io  0x0800-0x089f] has been reserved
févr. 10 13:20:30 rayana kernel: system 00:03: [io  0x0b00-0x0b0f] has been reserved
févr. 10 13:20:30 rayana kernel: system 00:03: [io  0x0b20-0x0b3f] has been reserved
févr. 10 13:20:30 rayana kernel: system 00:03: [io  0x0900-0x090f] has been reserved
févr. 10 13:20:30 rayana kernel: system 00:03: [io  0x0910-0x091f] has been reserved
févr. 10 13:20:30 rayana kernel: system 00:03: [mem 0xfec00000-0xfec00fff] could not be reserved
févr. 10 13:20:30 rayana kernel: system 00:03: [mem 0xfec01000-0xfec01fff] could not be reserved
févr. 10 13:20:30 rayana kernel: system 00:03: [mem 0xfedc0000-0xfedc0fff] has been reserved
févr. 10 13:20:30 rayana kernel: system 00:03: [mem 0xfee00000-0xfee00fff] has been reserved
févr. 10 13:20:30 rayana kernel: system 00:03: [mem 0xfed80000-0xfed8ffff] could not be reserved
févr. 10 13:20:30 rayana kernel: system 00:03: [mem 0xfec10000-0xfec10fff] has been reserved
févr. 10 13:20:30 rayana kernel: system 00:03: [mem 0xff000000-0xffffffff] has been reserved
févr. 10 13:20:30 rayana kernel: pnp: PnP ACPI: found 4 devices
févr. 10 13:20:30 rayana kernel: clocksource: acpi_pm: mask: 0xffffff max_cycles: 0xffffff, max_idle_ns: 2085701024 ns
févr. 10 13:20:30 rayana kernel: NET: Registered PF_INET protocol family
févr. 10 13:20:30 rayana kernel: IP idents hash table entries: 262144 (order: 9, 2097152 bytes, linear)
févr. 10 13:20:30 rayana kernel: tcp_listen_portaddr_hash hash table entries: 8192 (order: 5, 131072 bytes, linear)
févr. 10 13:20:30 rayana kernel: Table-perturb hash table entries: 65536 (order: 6, 262144 bytes, linear)
févr. 10 13:20:30 rayana kernel: TCP established hash table entries: 131072 (order: 8, 1048576 bytes, linear)
févr. 10 13:20:30 rayana kernel: TCP bind hash table entries: 65536 (order: 9, 2097152 bytes, linear)
févr. 10 13:20:30 rayana kernel: TCP: Hash tables configured (established 131072 bind 65536)
févr. 10 13:20:30 rayana kernel: MPTCP token hash table entries: 16384 (order: 6, 393216 bytes, linear)
févr. 10 13:20:30 rayana kernel: UDP hash table entries: 8192 (order: 6, 262144 bytes, linear)
févr. 10 13:20:30 rayana kernel: UDP-Lite hash table entries: 8192 (order: 6, 262144 bytes, linear)
févr. 10 13:20:30 rayana kernel: NET: Registered PF_UNIX/PF_LOCAL protocol family
févr. 10 13:20:30 rayana kernel: NET: Registered PF_XDP protocol family
févr. 10 13:20:30 rayana kernel: pci 0000:00:02.2: PCI bridge to [bus 01]
févr. 10 13:20:30 rayana kernel: pci 0000:00:02.2:   bridge window [io  0xf000-0xffff]
févr. 10 13:20:30 rayana kernel: pci 0000:00:02.2:   bridge window [mem 0xfcf00000-0xfcffffff]
févr. 10 13:20:30 rayana kernel: pci 0000:00:02.4: PCI bridge to [bus 02]
févr. 10 13:20:30 rayana kernel: pci 0000:00:02.4:   bridge window [mem 0xfce00000-0xfcefffff]
févr. 10 13:20:30 rayana kernel: pci 0000:00:08.1: PCI bridge to [bus 03]
févr. 10 13:20:30 rayana kernel: pci 0000:00:08.1:   bridge window [io  0xe000-0xefff]
févr. 10 13:20:30 rayana kernel: pci 0000:00:08.1:   bridge window [mem 0xfca00000-0xfcdfffff]
févr. 10 13:20:30 rayana kernel: pci 0000:00:08.1:   bridge window [mem 0xd0000000-0xe01fffff 64bit pref]
févr. 10 13:20:30 rayana kernel: pci_bus 0000:00: resource 4 [io  0x0000-0x03af window]
févr. 10 13:20:30 rayana kernel: pci_bus 0000:00: resource 5 [io  0x03e0-0x0cf7 window]
févr. 10 13:20:30 rayana kernel: pci_bus 0000:00: resource 6 [io  0x03b0-0x03df window]
févr. 10 13:20:30 rayana kernel: pci_bus 0000:00: resource 7 [io  0x0d00-0xffff window]
févr. 10 13:20:30 rayana kernel: pci_bus 0000:00: resource 8 [mem 0x000a0000-0x000dffff window]
févr. 10 13:20:30 rayana kernel: pci_bus 0000:00: resource 9 [mem 0xc0000000-0xfebfffff window]
févr. 10 13:20:30 rayana kernel: pci_bus 0000:00: resource 10 [mem 0xfee00000-0xffffffff window]
févr. 10 13:20:30 rayana kernel: pci_bus 0000:01: resource 0 [io  0xf000-0xffff]
févr. 10 13:20:30 rayana kernel: pci_bus 0000:01: resource 1 [mem 0xfcf00000-0xfcffffff]
févr. 10 13:20:30 rayana kernel: pci_bus 0000:02: resource 1 [mem 0xfce00000-0xfcefffff]
févr. 10 13:20:30 rayana kernel: pci_bus 0000:03: resource 0 [io  0xe000-0xefff]
févr. 10 13:20:30 rayana kernel: pci_bus 0000:03: resource 1 [mem 0xfca00000-0xfcdfffff]
févr. 10 13:20:30 rayana kernel: pci_bus 0000:03: resource 2 [mem 0xd0000000-0xe01fffff 64bit pref]
févr. 10 13:20:30 rayana kernel: pci 0000:03:00.1: D0 power state depends on 0000:03:00.0
févr. 10 13:20:30 rayana kernel: pci 0000:03:00.3: extending delay after power-on from D3hot to 20 msec
févr. 10 13:20:30 rayana kernel: pci 0000:03:00.4: extending delay after power-on from D3hot to 20 msec
févr. 10 13:20:30 rayana kernel: PCI: CLS 64 bytes, default 64
févr. 10 13:20:30 rayana kernel: pci 0000:00:00.2: AMD-Vi: IOMMU performance counters supported
févr. 10 13:20:30 rayana kernel: Trying to unpack rootfs image as initramfs...
févr. 10 13:20:30 rayana kernel: pci 0000:00:01.0: Adding to iommu group 0
févr. 10 13:20:30 rayana kernel: pci 0000:00:02.0: Adding to iommu group 1
févr. 10 13:20:30 rayana kernel: pci 0000:00:02.2: Adding to iommu group 2
févr. 10 13:20:30 rayana kernel: pci 0000:00:02.4: Adding to iommu group 3
févr. 10 13:20:30 rayana kernel: pci 0000:00:08.0: Adding to iommu group 4
févr. 10 13:20:30 rayana kernel: pci 0000:00:08.1: Adding to iommu group 5
févr. 10 13:20:30 rayana kernel: pci 0000:00:14.0: Adding to iommu group 6
févr. 10 13:20:30 rayana kernel: pci 0000:00:14.3: Adding to iommu group 6
févr. 10 13:20:30 rayana kernel: pci 0000:00:18.0: Adding to iommu group 7
févr. 10 13:20:30 rayana kernel: pci 0000:00:18.1: Adding to iommu group 7
févr. 10 13:20:30 rayana kernel: pci 0000:00:18.2: Adding to iommu group 7
févr. 10 13:20:30 rayana kernel: pci 0000:00:18.3: Adding to iommu group 7
févr. 10 13:20:30 rayana kernel: pci 0000:00:18.4: Adding to iommu group 7
févr. 10 13:20:30 rayana kernel: pci 0000:00:18.5: Adding to iommu group 7
févr. 10 13:20:30 rayana kernel: pci 0000:00:18.6: Adding to iommu group 7
févr. 10 13:20:30 rayana kernel: pci 0000:00:18.7: Adding to iommu group 7
févr. 10 13:20:30 rayana kernel: pci 0000:01:00.0: Adding to iommu group 8
févr. 10 13:20:30 rayana kernel: pci 0000:02:00.0: Adding to iommu group 9
févr. 10 13:20:30 rayana kernel: pci 0000:03:00.0: Adding to iommu group 10
févr. 10 13:20:30 rayana kernel: pci 0000:03:00.1: Adding to iommu group 11
févr. 10 13:20:30 rayana kernel: pci 0000:03:00.2: Adding to iommu group 12
févr. 10 13:20:30 rayana kernel: pci 0000:03:00.3: Adding to iommu group 13
févr. 10 13:20:30 rayana kernel: pci 0000:03:00.4: Adding to iommu group 14
févr. 10 13:20:30 rayana kernel: pci 0000:03:00.5: Adding to iommu group 15
févr. 10 13:20:30 rayana kernel: pci 0000:03:00.6: Adding to iommu group 16
févr. 10 13:20:30 rayana kernel: AMD-Vi: Extended features (0x206d73ef22254ade, 0x0): PPR X2APIC NX GT IA GA PC GA_vAPIC
févr. 10 13:20:30 rayana kernel: AMD-Vi: Interrupt remapping enabled
févr. 10 13:20:30 rayana kernel: AMD-Vi: X2APIC enabled
févr. 10 13:20:30 rayana kernel: AMD-Vi: Virtual APIC enabled
févr. 10 13:20:30 rayana kernel: PCI-DMA: Using software bounce buffering for IO (SWIOTLB)
févr. 10 13:20:30 rayana kernel: software IO TLB: mapped [mem 0x00000000ae1c3000-0x00000000b21c3000] (64MB)
févr. 10 13:20:30 rayana kernel: LVT offset 0 assigned for vector 0x400
févr. 10 13:20:30 rayana kernel: perf: AMD IBS detected (0x000003ff)
févr. 10 13:20:30 rayana kernel: perf/amd_iommu: Detected AMD IOMMU #0 (2 banks, 4 counters/bank).
févr. 10 13:20:30 rayana kernel: Freeing initrd memory: 52720K
févr. 10 13:20:30 rayana kernel: Initialise system trusted keyrings
févr. 10 13:20:30 rayana kernel: Key type blacklist registered
févr. 10 13:20:30 rayana kernel: workingset: timestamp_bits=36 max_order=22 bucket_order=0
févr. 10 13:20:30 rayana kernel: fuse: init (API version 7.41)
févr. 10 13:20:30 rayana kernel: integrity: Platform Keyring initialized
févr. 10 13:20:30 rayana kernel: integrity: Machine keyring initialized
févr. 10 13:20:30 rayana kernel: Key type asymmetric registered
févr. 10 13:20:30 rayana kernel: Asymmetric key parser 'x509' registered
févr. 10 13:20:30 rayana kernel: Block layer SCSI generic (bsg) driver version 0.4 loaded (major 246)
févr. 10 13:20:30 rayana kernel: io scheduler mq-deadline registered
févr. 10 13:20:30 rayana kernel: io scheduler kyber registered
févr. 10 13:20:30 rayana kernel: io scheduler bfq registered
févr. 10 13:20:30 rayana kernel: ledtrig-cpu: registered to indicate activity on CPUs
févr. 10 13:20:30 rayana kernel: pcieport 0000:00:02.2: PME: Signaling with IRQ 28
févr. 10 13:20:30 rayana kernel: pcieport 0000:00:02.4: PME: Signaling with IRQ 29
févr. 10 13:20:30 rayana kernel: pcieport 0000:00:08.1: PME: Signaling with IRQ 30
févr. 10 13:20:30 rayana kernel: shpchp: Standard Hot Plug PCI Controller Driver version: 0.4
févr. 10 13:20:30 rayana kernel: ACPI: AC: AC Adapter [AC] (off-line)
févr. 10 13:20:30 rayana kernel: input: Power Button as /devices/LNXSYSTM:00/LNXSYBUS:00/PNP0C0C:00/input/input0
févr. 10 13:20:30 rayana kernel: ACPI: button: Power Button [PWRB]
févr. 10 13:20:30 rayana kernel: input: Lid Switch as /devices/LNXSYSTM:00/LNXSYBUS:00/PNP0C0D:00/input/input1
févr. 10 13:20:30 rayana kernel: ACPI: button: Lid Switch [LID]
févr. 10 13:20:30 rayana kernel: input: Power Button as /devices/LNXSYSTM:00/LNXPWRBN:00/input/input2
févr. 10 13:20:30 rayana kernel: ACPI: button: Power Button [PWRF]
févr. 10 13:20:30 rayana kernel: Monitor-Mwait will be used to enter C-1 state
févr. 10 13:20:30 rayana kernel: Estimated ratio of average max frequency by base frequency (times 1024): 1755
févr. 10 13:20:30 rayana kernel: thermal LNXTHERM:00: registered as thermal_zone0
févr. 10 13:20:30 rayana kernel: ACPI: thermal: Thermal Zone [TZ0] (23 C)
févr. 10 13:20:30 rayana kernel: ACPI: thermal: [Firmware Bug]: Invalid critical threshold (-274000)
févr. 10 13:20:30 rayana kernel: ACPI: thermal: [Firmware Bug]: No valid trip points!
févr. 10 13:20:30 rayana kernel: thermal LNXTHERM:01: registered as thermal_zone1
févr. 10 13:20:30 rayana kernel: ACPI: thermal: Thermal Zone [TZ1] (0 C)
févr. 10 13:20:30 rayana kernel: Serial: 8250/16550 driver, 32 ports, IRQ sharing enabled
févr. 10 13:20:30 rayana kernel: ACPI: battery: Slot [BAT0] (battery present)
févr. 10 13:20:30 rayana kernel: Non-volatile memory driver v1.3
févr. 10 13:20:30 rayana kernel: Linux agpgart interface v0.103
févr. 10 13:20:30 rayana kernel: tpm_crb MSFT0101:00: Disabling hwrng
févr. 10 13:20:30 rayana kernel: ACPI: bus type drm_connector registered
févr. 10 13:20:30 rayana kernel: xhci_hcd 0000:03:00.3: xHCI Host Controller
févr. 10 13:20:30 rayana kernel: xhci_hcd 0000:03:00.3: new USB bus registered, assigned bus number 1
févr. 10 13:20:30 rayana kernel: xhci_hcd 0000:03:00.3: hcc params 0x0268ffe5 hci version 0x110 quirks 0x0000020000000010
févr. 10 13:20:30 rayana kernel: xhci_hcd 0000:03:00.3: xHCI Host Controller
févr. 10 13:20:30 rayana kernel: xhci_hcd 0000:03:00.3: new USB bus registered, assigned bus number 2
févr. 10 13:20:30 rayana kernel: xhci_hcd 0000:03:00.3: Host supports USB 3.1 Enhanced SuperSpeed
févr. 10 13:20:30 rayana kernel: usb usb1: New USB device found, idVendor=1d6b, idProduct=0002, bcdDevice= 6.12
févr. 10 13:20:30 rayana kernel: usb usb1: New USB device strings: Mfr=3, Product=2, SerialNumber=1
févr. 10 13:20:30 rayana kernel: usb usb1: Product: xHCI Host Controller
févr. 10 13:20:30 rayana kernel: usb usb1: Manufacturer: Linux 6.12.12-1-lts xhci-hcd
févr. 10 13:20:30 rayana kernel: usb usb1: SerialNumber: 0000:03:00.3
févr. 10 13:20:30 rayana kernel: hub 1-0:1.0: USB hub found
févr. 10 13:20:30 rayana kernel: hub 1-0:1.0: 4 ports detected
févr. 10 13:20:30 rayana kernel: usb usb2: We don't know the algorithms for LPM for this host, disabling LPM.
févr. 10 13:20:30 rayana kernel: usb usb2: New USB device found, idVendor=1d6b, idProduct=0003, bcdDevice= 6.12
févr. 10 13:20:30 rayana kernel: usb usb2: New USB device strings: Mfr=3, Product=2, SerialNumber=1
févr. 10 13:20:30 rayana kernel: usb usb2: Product: xHCI Host Controller
févr. 10 13:20:30 rayana kernel: usb usb2: Manufacturer: Linux 6.12.12-1-lts xhci-hcd
févr. 10 13:20:30 rayana kernel: usb usb2: SerialNumber: 0000:03:00.3
févr. 10 13:20:30 rayana kernel: hub 2-0:1.0: USB hub found
févr. 10 13:20:30 rayana kernel: hub 2-0:1.0: 2 ports detected
févr. 10 13:20:30 rayana kernel: usb: port power management may be unreliable
févr. 10 13:20:30 rayana kernel: xhci_hcd 0000:03:00.4: xHCI Host Controller
févr. 10 13:20:30 rayana kernel: xhci_hcd 0000:03:00.4: new USB bus registered, assigned bus number 3
févr. 10 13:20:30 rayana kernel: xhci_hcd 0000:03:00.4: hcc params 0x0268ffe5 hci version 0x110 quirks 0x0000020000000010
févr. 10 13:20:30 rayana kernel: xhci_hcd 0000:03:00.4: xHCI Host Controller
févr. 10 13:20:30 rayana kernel: xhci_hcd 0000:03:00.4: new USB bus registered, assigned bus number 4
févr. 10 13:20:30 rayana kernel: xhci_hcd 0000:03:00.4: Host supports USB 3.1 Enhanced SuperSpeed
févr. 10 13:20:30 rayana kernel: usb usb3: New USB device found, idVendor=1d6b, idProduct=0002, bcdDevice= 6.12
févr. 10 13:20:30 rayana kernel: usb usb3: New USB device strings: Mfr=3, Product=2, SerialNumber=1
févr. 10 13:20:30 rayana kernel: usb usb3: Product: xHCI Host Controller
févr. 10 13:20:30 rayana kernel: usb usb3: Manufacturer: Linux 6.12.12-1-lts xhci-hcd
févr. 10 13:20:30 rayana kernel: usb usb3: SerialNumber: 0000:03:00.4
févr. 10 13:20:30 rayana kernel: hub 3-0:1.0: USB hub found
févr. 10 13:20:30 rayana kernel: hub 3-0:1.0: 4 ports detected
févr. 10 13:20:30 rayana kernel: usb usb4: We don't know the algorithms for LPM for this host, disabling LPM.
févr. 10 13:20:30 rayana kernel: usb usb4: New USB device found, idVendor=1d6b, idProduct=0003, bcdDevice= 6.12
févr. 10 13:20:30 rayana kernel: usb usb4: New USB device strings: Mfr=3, Product=2, SerialNumber=1
févr. 10 13:20:30 rayana kernel: usb usb4: Product: xHCI Host Controller
févr. 10 13:20:30 rayana kernel: usb usb4: Manufacturer: Linux 6.12.12-1-lts xhci-hcd
févr. 10 13:20:30 rayana kernel: usb usb4: SerialNumber: 0000:03:00.4
févr. 10 13:20:30 rayana kernel: hub 4-0:1.0: USB hub found
févr. 10 13:20:30 rayana kernel: hub 4-0:1.0: 2 ports detected
févr. 10 13:20:30 rayana kernel: usbcore: registered new interface driver usbserial_generic
févr. 10 13:20:30 rayana kernel: usbserial: USB Serial support registered for generic
févr. 10 13:20:30 rayana kernel: rtc_cmos 00:01: RTC can wake from S4
févr. 10 13:20:30 rayana kernel: rtc_cmos 00:01: registered as rtc0
févr. 10 13:20:30 rayana kernel: rtc_cmos 00:01: setting system clock to 2025-02-10T12:20:24 UTC (1739190024)
févr. 10 13:20:30 rayana kernel: rtc_cmos 00:01: alarms up to one month, y3k, 114 bytes nvram
févr. 10 13:20:30 rayana kernel: simple-framebuffer simple-framebuffer.0: [drm] Registered 1 planes with drm panic
févr. 10 13:20:30 rayana kernel: [drm] Initialized simpledrm 1.0.0 for simple-framebuffer.0 on minor 0
févr. 10 13:20:30 rayana kernel: fbcon: Deferring console take-over
févr. 10 13:20:30 rayana kernel: simple-framebuffer simple-framebuffer.0: [drm] fb0: simpledrmdrmfb frame buffer device
févr. 10 13:20:30 rayana kernel: hid: raw HID events driver (C) Jiri Kosina
févr. 10 13:20:30 rayana kernel: drop_monitor: Initializing network drop monitor service
févr. 10 13:20:30 rayana kernel: NET: Registered PF_INET6 protocol family
févr. 10 13:20:30 rayana kernel: Segment Routing with IPv6
févr. 10 13:20:30 rayana kernel: RPL Segment Routing with IPv6
févr. 10 13:20:30 rayana kernel: In-situ OAM (IOAM) with IPv6
févr. 10 13:20:30 rayana kernel: NET: Registered PF_PACKET protocol family
févr. 10 13:20:30 rayana kernel: microcode: Current revision: 0x08608108
févr. 10 13:20:30 rayana kernel: microcode: Updated early from: 0x08608107
févr. 10 13:20:30 rayana kernel: resctrl: L3 allocation detected
févr. 10 13:20:30 rayana kernel: resctrl: MB allocation detected
févr. 10 13:20:30 rayana kernel: resctrl: L3 monitoring detected
févr. 10 13:20:30 rayana kernel: IPI shorthand broadcast: enabled
févr. 10 13:20:30 rayana kernel: sched_clock: Marking stable (1067535845, 335409)->(1071524643, -3653389)
févr. 10 13:20:30 rayana kernel: registered taskstats version 1
févr. 10 13:20:30 rayana kernel: Loading compiled-in X.509 certificates
févr. 10 13:20:30 rayana kernel: Loaded X.509 cert 'Build time autogenerated kernel key: 51a40c21c76f5865bce05a24c6431c0003313645'
févr. 10 13:20:30 rayana kernel: Demotion targets for Node 0: null
févr. 10 13:20:30 rayana kernel: Key type .fscrypt registered
févr. 10 13:20:30 rayana kernel: Key type fscrypt-provisioning registered
févr. 10 13:20:30 rayana kernel: integrity: Loading X.509 certificate: UEFI:db
févr. 10 13:20:30 rayana kernel: integrity: Loaded X.509 cert 'HP Inc.: HP UEFI Secure Boot DB 2017: d9c01b50cfcae89d3b05345c163aa76e5dd589e7'
févr. 10 13:20:30 rayana kernel: integrity: Loading X.509 certificate: UEFI:db
févr. 10 13:20:30 rayana kernel: integrity: Loaded X.509 cert 'Microsoft Windows Production PCA 2011: a92902398e16c49778cd90f99e4f9ae17c55af53'
févr. 10 13:20:30 rayana kernel: integrity: Loading X.509 certificate: UEFI:db
févr. 10 13:20:30 rayana kernel: integrity: Loaded X.509 cert 'Microsoft Corporation UEFI CA 2011: 13adbf4309bd82709c8cd54f316ed522988a1bd4'
févr. 10 13:20:30 rayana kernel: blacklist: Duplicate blacklisted hash bin:47ff1b63b140b6fc04ed79131331e651da5b2e2f170f5daef4153dc2fbc532b1
févr. 10 13:20:30 rayana kernel: blacklist: Duplicate blacklisted hash bin:5391c3a2fb112102a6aa1edc25ae77e19f5d6f09cd09eeb2509922bfcd5992ea
févr. 10 13:20:30 rayana kernel: blacklist: Duplicate blacklisted hash bin:80b4d96931bf0d02fd91a61e19d14f1da452e66db2408ca8604d411f92659f0a
févr. 10 13:20:30 rayana kernel: blacklist: Duplicate blacklisted hash bin:992d359aa7a5f789d268b94c11b9485a6b1ce64362b0edb4441ccc187c39647b
févr. 10 13:20:30 rayana kernel: blacklist: Duplicate blacklisted hash bin:c452ab846073df5ace25cca64d6b7a09d906308a1a65eb5240e3c4ebcaa9cc0c
févr. 10 13:20:30 rayana kernel: blacklist: Duplicate blacklisted hash bin:e051b788ecbaeda53046c70e6af6058f95222c046157b8c4c1b9c2cfc65f46e5
févr. 10 13:20:30 rayana kernel: PM:   Magic number: 13:269:329
févr. 10 13:20:30 rayana kernel: tty tty50: hash matches
févr. 10 13:20:30 rayana kernel: RAS: Correctable Errors collector initialized.
févr. 10 13:20:30 rayana kernel: clk: Disabling unused clocks
févr. 10 13:20:30 rayana kernel: PM: genpd: Disabling unused power domains
févr. 10 13:20:30 rayana kernel: Freeing unused decrypted memory: 2028K
févr. 10 13:20:30 rayana kernel: Freeing unused kernel image (initmem) memory: 4268K
févr. 10 13:20:30 rayana kernel: Write protecting the kernel read-only data: 32768k
févr. 10 13:20:30 rayana kernel: Freeing unused kernel image (rodata/data gap) memory: 16K
févr. 10 13:20:30 rayana kernel: x86/mm: Checked W+X mappings: passed, no W+X pages found.
févr. 10 13:20:30 rayana kernel: rodata_test: all tests were successful
févr. 10 13:20:30 rayana kernel: Run /init as init process
févr. 10 13:20:30 rayana kernel:   with arguments:
févr. 10 13:20:30 rayana kernel:     /init
févr. 10 13:20:30 rayana kernel:     splash
févr. 10 13:20:30 rayana kernel:   with environment:
févr. 10 13:20:30 rayana kernel:     HOME=/
févr. 10 13:20:30 rayana kernel:     TERM=linux
févr. 10 13:20:30 rayana kernel:     BOOT_IMAGE=/vmlinuz-linux-lts
févr. 10 13:20:30 rayana kernel: usb 1-3: new high-speed USB device number 2 using xhci_hcd
févr. 10 13:20:30 rayana kernel: usb 3-3: new full-speed USB device number 2 using xhci_hcd
févr. 10 13:20:30 rayana kernel: wmi_bus wmi_bus-PNP0C14:00: [Firmware Info]: 8F1F6436-9F42-42C8-BADC-0E9424F20C9A has zero instances
févr. 10 13:20:30 rayana kernel: wmi_bus wmi_bus-PNP0C14:00: [Firmware Info]: 8F1F6435-9F42-42C8-BADC-0E9424F20C9A has zero instances
févr. 10 13:20:30 rayana kernel: wmi_bus wmi_bus-PNP0C14:00: [Firmware Info]: 7391A661-223A-47DB-A77A-7BE84C60822D has zero instances
févr. 10 13:20:30 rayana kernel: wmi_bus wmi_bus-PNP0C14:00: [Firmware Info]: DF4E63B6-3BBC-4858-9737-C74F82F821F3 has zero instances
févr. 10 13:20:30 rayana kernel: ACPI: video: Video Device [VGA] (multi-head: yes  rom: no  post: no)
févr. 10 13:20:30 rayana kernel: i8042: PNP: PS/2 Controller [PNP0303:PS2K] at 0x60,0x64 irq 1
févr. 10 13:20:30 rayana kernel: i8042: PNP: PS/2 appears to have AUX port disabled, if this is incorrect please boot with i8042.nopnp
févr. 10 13:20:30 rayana kernel: input: Video Bus as /devices/LNXSYSTM:00/LNXSYBUS:00/PNP0A08:00/device:11/LNXVIDEO:00/input/input3
févr. 10 13:20:30 rayana kernel: serio: i8042 KBD port at 0x60,0x64 irq 1
févr. 10 13:20:30 rayana kernel: input: AT Translated Set 2 keyboard as /devices/platform/i8042/serio0/input/input4
févr. 10 13:20:30 rayana kernel: atkbd serio0: Unknown key pressed (translated set 2, code 0x0 on isa0060/serio0).
févr. 10 13:20:30 rayana kernel: atkbd serio0: Use 'setkeycodes 00 <keycode>' to make it known.
févr. 10 13:20:30 rayana kernel: atkbd serio0: Unknown key pressed (translated set 2, code 0x0 on isa0060/serio0).
févr. 10 13:20:30 rayana kernel: atkbd serio0: Use 'setkeycodes 00 <keycode>' to make it known.
févr. 10 13:20:30 rayana kernel: usb 3-3: New USB device found, idVendor=0bda, idProduct=b00e, bcdDevice= 1.10
févr. 10 13:20:30 rayana kernel: usb 3-3: New USB device strings: Mfr=1, Product=2, SerialNumber=3
févr. 10 13:20:30 rayana kernel: usb 3-3: Product: Bluetooth Radio 
févr. 10 13:20:30 rayana kernel: usb 3-3: Manufacturer: Realtek 
févr. 10 13:20:30 rayana kernel: usb 3-3: SerialNumber: 00e04c000001
févr. 10 13:20:30 rayana kernel: usb 1-3: New USB device found, idVendor=05c8, idProduct=0b08, bcdDevice= 0.07
févr. 10 13:20:30 rayana kernel: usb 1-3: New USB device strings: Mfr=1, Product=2, SerialNumber=3
févr. 10 13:20:30 rayana kernel: usb 1-3: Product: HP True Vision HD Camera
févr. 10 13:20:30 rayana kernel: usb 1-3: Manufacturer: Foxlink
févr. 10 13:20:30 rayana kernel: usb 1-3: SerialNumber: 01.00.00
févr. 10 13:20:30 rayana kernel: tsc: Refined TSC clocksource calibration: 1796.624 MHz
févr. 10 13:20:30 rayana kernel: clocksource: tsc: mask: 0xffffffffffffffff max_cycles: 0x19e5b473752, max_idle_ns: 440795288133 ns
févr. 10 13:20:30 rayana kernel: clocksource: Switched to clocksource tsc
févr. 10 13:20:30 rayana kernel: nvme nvme0: pci function 0000:02:00.0
févr. 10 13:20:30 rayana kernel: nvme nvme0: allocated 32 MiB host memory buffer.
févr. 10 13:20:30 rayana kernel: nvme nvme0: 16/0/0 default/read/poll queues
févr. 10 13:20:30 rayana kernel:  nvme0n1: p1 p2
févr. 10 13:20:30 rayana kernel: [drm] amdgpu kernel modesetting enabled.
févr. 10 13:20:30 rayana kernel: amdgpu: Virtual CRAT table created for CPU
févr. 10 13:20:30 rayana kernel: amdgpu: Topology: Add CPU node
févr. 10 13:20:30 rayana kernel: amdgpu 0000:03:00.0: enabling device (0006 -> 0007)
févr. 10 13:20:30 rayana kernel: [drm] initializing kernel modesetting (RENOIR 0x1002:0x164C 0x103C:0x88C6 0xC1).
févr. 10 13:20:30 rayana kernel: [drm] register mmio base: 0xFCD00000
févr. 10 13:20:30 rayana kernel: [drm] register mmio size: 524288
févr. 10 13:20:30 rayana kernel: [drm] add ip block number 0 <soc15_common>
févr. 10 13:20:30 rayana kernel: [drm] add ip block number 1 <gmc_v9_0>
févr. 10 13:20:30 rayana kernel: [drm] add ip block number 2 <vega10_ih>
févr. 10 13:20:30 rayana kernel: [drm] add ip block number 3 <psp>
févr. 10 13:20:30 rayana kernel: [drm] add ip block number 4 <smu>
févr. 10 13:20:30 rayana kernel: [drm] add ip block number 5 <dm>
févr. 10 13:20:30 rayana kernel: [drm] add ip block number 6 <gfx_v9_0>
févr. 10 13:20:30 rayana kernel: [drm] add ip block number 7 <sdma_v4_0>
févr. 10 13:20:30 rayana kernel: [drm] add ip block number 8 <vcn_v2_0>
févr. 10 13:20:30 rayana kernel: [drm] add ip block number 9 <jpeg_v2_0>
févr. 10 13:20:30 rayana kernel: amdgpu 0000:03:00.0: amdgpu: Fetched VBIOS from VFCT
févr. 10 13:20:30 rayana kernel: amdgpu: ATOM BIOS: 113-LUCIENNE-019
févr. 10 13:20:30 rayana kernel: amdgpu 0000:03:00.0: vgaarb: deactivate vga console
févr. 10 13:20:30 rayana kernel: amdgpu 0000:03:00.0: amdgpu: Trusted Memory Zone (TMZ) feature enabled
févr. 10 13:20:30 rayana kernel: amdgpu 0000:03:00.0: amdgpu: MODE2 reset
févr. 10 13:20:30 rayana kernel: [drm] vm size is 262144 GB, 4 levels, block size is 9-bit, fragment size is 9-bit
févr. 10 13:20:30 rayana kernel: amdgpu 0000:03:00.0: amdgpu: VRAM: 512M 0x000000F400000000 - 0x000000F41FFFFFFF (512M used)
févr. 10 13:20:30 rayana kernel: amdgpu 0000:03:00.0: amdgpu: GART: 1024M 0x0000000000000000 - 0x000000003FFFFFFF
févr. 10 13:20:30 rayana kernel: [drm] Detected VRAM RAM=512M, BAR=512M
févr. 10 13:20:30 rayana kernel: [drm] RAM width 128bits DDR4
févr. 10 13:20:30 rayana kernel: [drm] amdgpu: 512M of VRAM memory ready
févr. 10 13:20:30 rayana kernel: [drm] amdgpu: 7653M of GTT memory ready.
févr. 10 13:20:30 rayana kernel: [drm] GART: num cpu pages 262144, num gpu pages 262144
févr. 10 13:20:30 rayana kernel: [drm] PCIE GART of 1024M enabled.
févr. 10 13:20:30 rayana kernel: [drm] PTB located at 0x000000F41FC00000
févr. 10 13:20:30 rayana kernel: [drm] Loading DMUB firmware via PSP: version=0x0101002B
févr. 10 13:20:30 rayana kernel: [drm] Found VCN firmware Version ENC: 1.24 DEC: 8 VEP: 0 Revision: 3
févr. 10 13:20:30 rayana kernel: amdgpu 0000:03:00.0: amdgpu: reserve 0x400000 from 0xf41f800000 for PSP TMR
févr. 10 13:20:30 rayana kernel: amdgpu 0000:03:00.0: amdgpu: RAS: optional ras ta ucode is not available
févr. 10 13:20:30 rayana kernel: amdgpu 0000:03:00.0: amdgpu: RAP: optional rap ta ucode is not available
févr. 10 13:20:30 rayana kernel: amdgpu 0000:03:00.0: amdgpu: psp gfx command LOAD_TA(0x1) failed and response status is (0x7)
févr. 10 13:20:30 rayana kernel: amdgpu 0000:03:00.0: amdgpu: psp gfx command INVOKE_CMD(0x3) failed and response status is (0x4)
févr. 10 13:20:30 rayana kernel: amdgpu 0000:03:00.0: amdgpu: Secure display: Generic Failure.
févr. 10 13:20:30 rayana kernel: amdgpu 0000:03:00.0: amdgpu: SECUREDISPLAY: query securedisplay TA failed. ret 0x0
févr. 10 13:20:30 rayana kernel: amdgpu 0000:03:00.0: amdgpu: SMU is initialized successfully!
févr. 10 13:20:30 rayana kernel: [drm] Display Core v3.2.301 initialized on DCN 2.1
févr. 10 13:20:30 rayana kernel: [drm] DP-HDMI FRL PCON supported
févr. 10 13:20:30 rayana kernel: [drm] DMUB hardware initialized: version=0x0101002B
févr. 10 13:20:30 rayana kernel: [drm] kiq ring mec 2 pipe 1 q 0
févr. 10 13:20:30 rayana kernel: kfd kfd: amdgpu: Allocated 3969056 bytes on gart
févr. 10 13:20:30 rayana kernel: kfd kfd: amdgpu: Total number of KFD nodes to be created: 1
févr. 10 13:20:30 rayana kernel: amdgpu: Virtual CRAT table created for GPU
févr. 10 13:20:30 rayana kernel: amdgpu: Topology: Add dGPU node [0x164c:0x1002]
févr. 10 13:20:30 rayana kernel: kfd kfd: amdgpu: added device 1002:164c
févr. 10 13:20:30 rayana kernel: amdgpu 0000:03:00.0: amdgpu: SE 1, SH per SE 1, CU per SH 8, active_cu_number 8
févr. 10 13:20:30 rayana kernel: amdgpu 0000:03:00.0: amdgpu: ring gfx uses VM inv eng 0 on hub 0
févr. 10 13:20:30 rayana kernel: amdgpu 0000:03:00.0: amdgpu: ring comp_1.0.0 uses VM inv eng 1 on hub 0
févr. 10 13:20:30 rayana kernel: amdgpu 0000:03:00.0: amdgpu: ring comp_1.1.0 uses VM inv eng 4 on hub 0
févr. 10 13:20:30 rayana kernel: amdgpu 0000:03:00.0: amdgpu: ring comp_1.2.0 uses VM inv eng 5 on hub 0
févr. 10 13:20:30 rayana kernel: amdgpu 0000:03:00.0: amdgpu: ring comp_1.3.0 uses VM inv eng 6 on hub 0
févr. 10 13:20:30 rayana kernel: amdgpu 0000:03:00.0: amdgpu: ring comp_1.0.1 uses VM inv eng 7 on hub 0
févr. 10 13:20:30 rayana kernel: amdgpu 0000:03:00.0: amdgpu: ring comp_1.1.1 uses VM inv eng 8 on hub 0
févr. 10 13:20:30 rayana kernel: amdgpu 0000:03:00.0: amdgpu: ring comp_1.2.1 uses VM inv eng 9 on hub 0
févr. 10 13:20:30 rayana kernel: amdgpu 0000:03:00.0: amdgpu: ring comp_1.3.1 uses VM inv eng 10 on hub 0
févr. 10 13:20:30 rayana kernel: amdgpu 0000:03:00.0: amdgpu: ring kiq_0.2.1.0 uses VM inv eng 11 on hub 0
févr. 10 13:20:30 rayana kernel: amdgpu 0000:03:00.0: amdgpu: ring sdma0 uses VM inv eng 0 on hub 8
févr. 10 13:20:30 rayana kernel: amdgpu 0000:03:00.0: amdgpu: ring vcn_dec uses VM inv eng 1 on hub 8
févr. 10 13:20:30 rayana kernel: amdgpu 0000:03:00.0: amdgpu: ring vcn_enc0 uses VM inv eng 4 on hub 8
févr. 10 13:20:30 rayana kernel: amdgpu 0000:03:00.0: amdgpu: ring vcn_enc1 uses VM inv eng 5 on hub 8
févr. 10 13:20:30 rayana kernel: amdgpu 0000:03:00.0: amdgpu: ring jpeg_dec uses VM inv eng 6 on hub 8
févr. 10 13:20:30 rayana kernel: amdgpu 0000:03:00.0: amdgpu: Runtime PM not available
févr. 10 13:20:30 rayana kernel: [drm] Initialized amdgpu 3.59.0 for 0000:03:00.0 on minor 1
févr. 10 13:20:30 rayana kernel: fbcon: amdgpudrmfb (fb0) is primary device
févr. 10 13:20:30 rayana kernel: fbcon: Deferring console take-over
févr. 10 13:20:30 rayana kernel: amdgpu 0000:03:00.0: [drm] fb0: amdgpudrmfb frame buffer device
févr. 10 13:20:30 rayana kernel: [drm] pre_validate_dsc:1589 MST_DSC dsc precompute is not needed
févr. 10 13:20:30 rayana kernel: EXT4-fs (nvme0n1p2): mounted filesystem d64f9b1d-86ec-4eee-a5df-5dce0e806f52 r/w with ordered data mode. Quota mode: none.
févr. 10 13:20:30 rayana systemd[1]: systemd 257.2-2-arch running in system mode (+PAM +AUDIT -SELINUX -APPARMOR -IMA +IPE +SMACK +SECCOMP +GCRYPT +GNUTLS +OPENSSL +ACL +BLKID +CURL +ELFUTILS +FIDO2 +IDN2 -IDN +IPTC +KMOD +LIBCRYPTSETUP +LIBCRYPTSETUP_PLUGINS +LIBFDISK +PCRE2 +PWQUALITY +P11KIT +QRENCODE +TPM2 +BZIP2 +LZ4 +XZ +ZLIB +ZSTD +BPF_FRAMEWORK +BTF +XKBCOMMON +UTMP -SYSVINIT +LIBARCHIVE)
févr. 10 13:20:30 rayana systemd[1]: Detected architecture x86-64.
févr. 10 13:20:30 rayana systemd[1]: Hostname set to <rayana>.
févr. 10 13:20:30 rayana systemd[1]: bpf-restrict-fs: LSM BPF program attached
févr. 10 13:20:30 rayana kernel: zram: Added device: zram0
févr. 10 13:20:30 rayana systemd[1]: Queued start job for default target Graphical Interface.
févr. 10 13:20:30 rayana systemd[1]: Created slice Slice /system/dirmngr.
févr. 10 13:20:30 rayana systemd[1]: Created slice Slice /system/getty.
févr. 10 13:20:30 rayana systemd[1]: Created slice Slice /system/gpg-agent.
févr. 10 13:20:30 rayana systemd[1]: Created slice Slice /system/gpg-agent-browser.
févr. 10 13:20:30 rayana systemd[1]: Created slice Slice /system/gpg-agent-extra.
févr. 10 13:20:30 rayana systemd[1]: Created slice Slice /system/gpg-agent-ssh.
févr. 10 13:20:30 rayana systemd[1]: Created slice Slice /system/keyboxd.
févr. 10 13:20:30 rayana systemd[1]: Created slice Slice /system/modprobe.
févr. 10 13:20:30 rayana systemd[1]: Created slice Slice /system/systemd-zram-setup.
févr. 10 13:20:30 rayana systemd[1]: Created slice User and Session Slice.
févr. 10 13:20:30 rayana systemd[1]: Started Forward Password Requests to Wall Directory Watch.
févr. 10 13:20:30 rayana systemd[1]: Set up automount Arbitrary Executable File Formats File System Automount Point.
févr. 10 13:20:30 rayana systemd[1]: Expecting device /dev/disk/by-uuid/25B7-411F...
févr. 10 13:20:30 rayana systemd[1]: Expecting device /dev/sda...
févr. 10 13:20:30 rayana systemd[1]: Expecting device /dev/zram0...
févr. 10 13:20:30 rayana systemd[1]: Reached target Login Prompts.
févr. 10 13:20:30 rayana systemd[1]: Reached target Local Integrity Protected Volumes.
févr. 10 13:20:30 rayana systemd[1]: Reached target Remote File Systems.
févr. 10 13:20:30 rayana systemd[1]: Reached target Slice Units.
févr. 10 13:20:30 rayana systemd[1]: Reached target Local Verity Protected Volumes.
févr. 10 13:20:30 rayana systemd[1]: Listening on Device-mapper event daemon FIFOs.
févr. 10 13:20:30 rayana systemd[1]: Listening on Process Core Dump Socket.
févr. 10 13:20:30 rayana systemd[1]: Listening on Credential Encryption/Decryption.
févr. 10 13:20:30 rayana systemd[1]: Listening on Journal Socket (/dev/log).
févr. 10 13:20:30 rayana systemd[1]: Listening on Journal Sockets.
févr. 10 13:20:30 rayana systemd[1]: TPM PCR Measurements was skipped because of an unmet condition check (ConditionSecurity=measured-uki).
févr. 10 13:20:30 rayana systemd[1]: Make TPM PCR Policy was skipped because of an unmet condition check (ConditionSecurity=measured-uki).
févr. 10 13:20:30 rayana systemd[1]: Listening on udev Control Socket.
févr. 10 13:20:30 rayana systemd[1]: Listening on udev Kernel Socket.
févr. 10 13:20:30 rayana systemd[1]: Listening on User Database Manager Socket.
févr. 10 13:20:30 rayana systemd[1]: Mounting Huge Pages File System...
févr. 10 13:20:30 rayana systemd[1]: Mounting POSIX Message Queue File System...
févr. 10 13:20:30 rayana systemd[1]: Mounting Kernel Debug File System...
févr. 10 13:20:30 rayana systemd[1]: Mounting Kernel Trace File System...
févr. 10 13:20:30 rayana systemd[1]: Starting Create List of Static Device Nodes...
févr. 10 13:20:30 rayana systemd[1]: Starting Load Kernel Module configfs...
févr. 10 13:20:30 rayana systemd[1]: Starting Load Kernel Module dm_mod...
févr. 10 13:20:30 rayana systemd[1]: Starting Load Kernel Module drm...
févr. 10 13:20:30 rayana systemd[1]: Starting Load Kernel Module fuse...
févr. 10 13:20:30 rayana systemd[1]: Starting Load Kernel Module loop...
févr. 10 13:20:30 rayana systemd[1]: File System Check on Root Device was skipped because of an unmet condition check (ConditionPathIsReadWrite=!/).
févr. 10 13:20:30 rayana systemd[1]: Clear Stale Hibernate Storage Info was skipped because of an unmet condition check (ConditionPathExists=/sys/firmware/efi/efivars/HibernateLocation-8cf2644b-4b0b-428f-9387-6d876050dc67).
févr. 10 13:20:30 rayana systemd[1]: Starting Journal Service...
févr. 10 13:20:30 rayana systemd[1]: Starting Load Kernel Modules...
févr. 10 13:20:30 rayana systemd[1]: TPM PCR Machine ID Measurement was skipped because of an unmet condition check (ConditionSecurity=measured-uki).
févr. 10 13:20:30 rayana systemd[1]: Starting Remount Root and Kernel File Systems...
févr. 10 13:20:30 rayana systemd[1]: Early TPM SRK Setup was skipped because of an unmet condition check (ConditionSecurity=measured-uki).
févr. 10 13:20:30 rayana systemd[1]: Starting Load udev Rules from Credentials...
févr. 10 13:20:30 rayana systemd[1]: Starting Coldplug All udev Devices...
févr. 10 13:20:30 rayana systemd[1]: Starting Virtual Console Setup...
févr. 10 13:20:30 rayana systemd[1]: Mounted Huge Pages File System.
févr. 10 13:20:30 rayana systemd[1]: Mounted POSIX Message Queue File System.
févr. 10 13:20:30 rayana systemd[1]: Mounted Kernel Debug File System.
févr. 10 13:20:30 rayana systemd[1]: Mounted Kernel Trace File System.
févr. 10 13:20:30 rayana systemd[1]: Finished Create List of Static Device Nodes.
févr. 10 13:20:30 rayana systemd[1]: modprobe@configfs.service: Deactivated successfully.
févr. 10 13:20:30 rayana systemd[1]: Finished Load Kernel Module configfs.
févr. 10 13:20:30 rayana systemd[1]: modprobe@drm.service: Deactivated successfully.
févr. 10 13:20:30 rayana systemd[1]: Finished Load Kernel Module drm.
févr. 10 13:20:30 rayana systemd[1]: modprobe@fuse.service: Deactivated successfully.
févr. 10 13:20:30 rayana systemd[1]: Finished Load Kernel Module fuse.
févr. 10 13:20:30 rayana systemd[1]: Mounting FUSE Control File System...
févr. 10 13:20:30 rayana kernel: loop: module loaded
févr. 10 13:20:30 rayana kernel: device-mapper: uevent: version 1.0.3
févr. 10 13:20:30 rayana kernel: device-mapper: ioctl: 4.48.0-ioctl (2023-03-01) initialised: dm-devel@lists.linux.dev
févr. 10 13:20:30 rayana systemd[1]: Mounting Kernel Configuration File System...
févr. 10 13:20:30 rayana systemd[1]: Starting Create Static Device Nodes in /dev gracefully...
févr. 10 13:20:30 rayana systemd[1]: modprobe@dm_mod.service: Deactivated successfully.
févr. 10 13:20:30 rayana systemd[1]: Finished Load Kernel Module dm_mod.
févr. 10 13:20:30 rayana systemd[1]: modprobe@loop.service: Deactivated successfully.
févr. 10 13:20:30 rayana systemd[1]: Finished Load Kernel Module loop.
févr. 10 13:20:30 rayana systemd[1]: Finished Load udev Rules from Credentials.
févr. 10 13:20:30 rayana systemd[1]: Finished Virtual Console Setup.
févr. 10 13:20:30 rayana systemd[1]: Repartition Root Disk was skipped because no trigger condition checks were met.
févr. 10 13:20:30 rayana systemd[1]: Mounted FUSE Control File System.
févr. 10 13:20:30 rayana systemd[1]: Mounted Kernel Configuration File System.
févr. 10 13:20:30 rayana systemd-journald[423]: Collecting audit messages is disabled.
févr. 10 13:20:30 rayana kernel: i2c_dev: i2c /dev entries driver
févr. 10 13:20:30 rayana kernel: Asymmetric key parser 'pkcs8' registered
févr. 10 13:20:30 rayana kernel: vboxdrv: loading out-of-tree module taints kernel.
févr. 10 13:20:30 rayana kernel: vboxdrv: module verification failed: signature and/or required key missing - tainting kernel
févr. 10 13:20:30 rayana systemd[1]: Starting User Database Manager...
févr. 10 13:20:30 rayana kernel: EXT4-fs (nvme0n1p2): re-mounted d64f9b1d-86ec-4eee-a5df-5dce0e806f52 r/w. Quota mode: none.
févr. 10 13:20:30 rayana systemd[1]: Finished Remount Root and Kernel File Systems.
févr. 10 13:20:30 rayana systemd[1]: Rebuild Hardware Database was skipped because of an unmet condition check (ConditionNeedsUpdate=/etc).
févr. 10 13:20:30 rayana systemd[1]: Starting Load/Save OS Random Seed...
févr. 10 13:20:30 rayana systemd[1]: TPM SRK Setup was skipped because of an unmet condition check (ConditionSecurity=measured-uki).
févr. 10 13:20:30 rayana kernel: vboxdrv: Found 16 processor cores/threads
févr. 10 13:20:30 rayana systemd[1]: Finished Load/Save OS Random Seed.
févr. 10 13:20:30 rayana systemd[1]: Started User Database Manager.
févr. 10 13:20:30 rayana systemd-journald[423]: Journal started
░░ Subject: Le journal a été démarré
░░ Defined-By: systemd
░░ Support: https://lists.freedesktop.org/mailman/listinfo/systemd-devel
░░ 
░░ Le processus du journal système a démarré, ouvert ses fichiers en écriture
░░ et est prêt à traiter les requêtes.
févr. 10 13:20:30 rayana systemd-journald[423]: Runtime Journal (/run/log/journal/8d862596705042918f0176f20b972cd6) is 8M, max 765.3M, 757.3M free.
░░ Subject: Espace disque utilisé par le journal
░░ Defined-By: systemd
░░ Support: https://lists.freedesktop.org/mailman/listinfo/systemd-devel
░░ Documentation: man:journald.conf(5)
░░ 
░░ Runtime Journal (/run/log/journal/8d862596705042918f0176f20b972cd6) utilise actuellement 8M.
░░ Le maximum autorisé est défini à 765.3M.
░░ Au moins 382.6M doivent être laissés libres
░░ (sur 7.4G d'espace disque actuellement libre).
░░ La limite appliquée est donc 765.3M, dont 757.3M
░░ sont toujours disponibles.
░░ 
░░ Les limites définissant la quantité d'espace disque que peut utiliser le
░░ journal peuvent être configurées avec les paramètres SystemMaxUse=,
░░ SystemKeepFree=, SystemMaxFileSize=, RuntimeMaxUse=, RuntimeKeepFree=,
░░ RuntimeMaxFileSize= dans le fichier /etc/systemd/journald.conf.
░░ Voir journald.conf(5) pour plus de détails.
févr. 10 13:20:30 rayana systemd-modules-load[424]: Inserted module 'crypto_user'
févr. 10 13:20:30 rayana systemd-vconsole-setup[430]: All allocated VCs are currently busy, skipping initialization of font and keyboard settings.
févr. 10 13:20:30 rayana systemd-modules-load[424]: Inserted module 'i2c_dev'
févr. 10 13:20:30 rayana systemd-modules-load[424]: Inserted module 'pkcs8_key_parser'
févr. 10 13:20:30 rayana systemd[1]: Started Journal Service.
févr. 10 13:20:30 rayana systemd[1]: Starting Flush Journal to Persistent Storage...
░░ Subject: L'unité (unit) systemd-journal-flush.service a commencé à démarrer
░░ Defined-By: systemd
░░ Support: https://lists.freedesktop.org/mailman/listinfo/systemd-devel
░░ 
░░ L'unité (unit) systemd-journal-flush.service a commencé à démarrer.
févr. 10 13:20:30 rayana systemd-modules-load[424]: Inserted module 'vboxdrv'
févr. 10 13:20:30 rayana kernel: vboxdrv: TSC mode is Invariant, tentative frequency 1796615268 Hz
févr. 10 13:20:30 rayana kernel: vboxdrv: Successfully loaded version 7.1.6 r167084 (interface 0x00340001)
févr. 10 13:20:30 rayana systemd-journald[423]: Time spent on flushing to /var/log/journal/8d862596705042918f0176f20b972cd6 is 19.284ms for 979 entries.
févr. 10 13:20:30 rayana systemd-journald[423]: System Journal (/var/log/journal/8d862596705042918f0176f20b972cd6) is 1.5G, max 4G, 2.4G free.
░░ Subject: Espace disque utilisé par le journal
░░ Defined-By: systemd
░░ Support: https://lists.freedesktop.org/mailman/listinfo/systemd-devel
░░ Documentation: man:journald.conf(5)
░░ 
░░ System Journal (/var/log/journal/8d862596705042918f0176f20b972cd6) utilise actuellement 1.5G.
░░ Le maximum autorisé est défini à 4G.
░░ Au moins 4G doivent être laissés libres
░░ (sur 530.5G d'espace disque actuellement libre).
░░ La limite appliquée est donc 4G, dont 2.4G
░░ sont toujours disponibles.
░░ 
░░ Les limites définissant la quantité d'espace disque que peut utiliser le
░░ journal peuvent être configurées avec les paramètres SystemMaxUse=,
░░ SystemKeepFree=, SystemMaxFileSize=, RuntimeMaxUse=, RuntimeKeepFree=,
░░ RuntimeMaxFileSize= dans le fichier /etc/systemd/journald.conf.
░░ Voir journald.conf(5) pour plus de détails.
févr. 10 13:20:30 rayana systemd-journald[423]: Received client request to flush runtime journal.
févr. 10 13:20:30 rayana kernel: VBoxNetAdp: Successfully started.
févr. 10 13:20:30 rayana kernel: VBoxNetFlt: Successfully started.
févr. 10 13:20:30 rayana systemd-modules-load[424]: Inserted module 'vboxnetadp'
févr. 10 13:20:30 rayana systemd[1]: Finished Create Static Device Nodes in /dev gracefully.
░░ Subject: L'unité (unit) systemd-tmpfiles-setup-dev-early.service a terminé son démarrage
░░ Defined-By: systemd
░░ Support: https://lists.freedesktop.org/mailman/listinfo/systemd-devel
░░ 
░░ L'unité (unit) systemd-tmpfiles-setup-dev-early.service a terminé son démarrage, avec le résultat done.
févr. 10 13:20:30 rayana systemd[1]: Create System Users was skipped because no trigger condition checks were met.
░░ Subject: L'unité (unit) systemd-sysusers.service a terminé son démarrage
░░ Defined-By: systemd
░░ Support: https://lists.freedesktop.org/mailman/listinfo/systemd-devel
░░ 
░░ L'unité (unit) systemd-sysusers.service a terminé son démarrage, avec le résultat done.
févr. 10 13:20:30 rayana systemd[1]: Starting Network Time Synchronization...
░░ Subject: L'unité (unit) systemd-timesyncd.service a commencé à démarrer
░░ Defined-By: systemd
░░ Support: https://lists.freedesktop.org/mailman/listinfo/systemd-devel
░░ 
░░ L'unité (unit) systemd-timesyncd.service a commencé à démarrer.
févr. 10 13:20:30 rayana systemd[1]: Starting Create Static Device Nodes in /dev...
░░ Subject: L'unité (unit) systemd-tmpfiles-setup-dev.service a commencé à démarrer
░░ Defined-By: systemd
░░ Support: https://lists.freedesktop.org/mailman/listinfo/systemd-devel
░░ 
░░ L'unité (unit) systemd-tmpfiles-setup-dev.service a commencé à démarrer.
févr. 10 13:20:30 rayana systemd-modules-load[424]: Inserted module 'vboxnetflt'
févr. 10 13:20:30 rayana systemd[1]: Finished Load Kernel Modules.
░░ Subject: L'unité (unit) systemd-modules-load.service a terminé son démarrage
░░ Defined-By: systemd
░░ Support: https://lists.freedesktop.org/mailman/listinfo/systemd-devel
░░ 
░░ L'unité (unit) systemd-modules-load.service a terminé son démarrage, avec le résultat done.
févr. 10 13:20:30 rayana systemd[1]: Starting Apply Kernel Variables...
░░ Subject: L'unité (unit) systemd-sysctl.service a commencé à démarrer
░░ Defined-By: systemd
░░ Support: https://lists.freedesktop.org/mailman/listinfo/systemd-devel
░░ 
░░ L'unité (unit) systemd-sysctl.service a commencé à démarrer.
févr. 10 13:20:30 rayana systemd[1]: Finished Apply Kernel Variables.
░░ Subject: L'unité (unit) systemd-sysctl.service a terminé son démarrage
░░ Defined-By: systemd
░░ Support: https://lists.freedesktop.org/mailman/listinfo/systemd-devel
░░ 
░░ L'unité (unit) systemd-sysctl.service a terminé son démarrage, avec le résultat done.
févr. 10 13:20:30 rayana systemd[1]: Starting Network Name Resolution...
░░ Subject: L'unité (unit) systemd-resolved.service a commencé à démarrer
░░ Defined-By: systemd
░░ Support: https://lists.freedesktop.org/mailman/listinfo/systemd-devel
░░ 
░░ L'unité (unit) systemd-resolved.service a commencé à démarrer.
févr. 10 13:20:30 rayana systemd[1]: Finished Create Static Device Nodes in /dev.
░░ Subject: L'unité (unit) systemd-tmpfiles-setup-dev.service a terminé son démarrage
░░ Defined-By: systemd
░░ Support: https://lists.freedesktop.org/mailman/listinfo/systemd-devel
░░ 
░░ L'unité (unit) systemd-tmpfiles-setup-dev.service a terminé son démarrage, avec le résultat done.
févr. 10 13:20:30 rayana systemd[1]: Reached target Preparation for Local File Systems.
░░ Subject: L'unité (unit) local-fs-pre.target a terminé son démarrage
░░ Defined-By: systemd
░░ Support: https://lists.freedesktop.org/mailman/listinfo/systemd-devel
░░ 
░░ L'unité (unit) local-fs-pre.target a terminé son démarrage, avec le résultat done.
févr. 10 13:20:30 rayana systemd[1]: Starting Rule-based Manager for Device Events and Files...
░░ Subject: L'unité (unit) systemd-udevd.service a commencé à démarrer
░░ Defined-By: systemd
░░ Support: https://lists.freedesktop.org/mailman/listinfo/systemd-devel
░░ 
░░ L'unité (unit) systemd-udevd.service a commencé à démarrer.
févr. 10 13:20:30 rayana systemd[1]: Started Network Time Synchronization.
░░ Subject: L'unité (unit) systemd-timesyncd.service a terminé son démarrage
░░ Defined-By: systemd
░░ Support: https://lists.freedesktop.org/mailman/listinfo/systemd-devel
░░ 
░░ L'unité (unit) systemd-timesyncd.service a terminé son démarrage, avec le résultat done.
févr. 10 13:20:30 rayana systemd[1]: Reached target System Time Set.
░░ Subject: L'unité (unit) time-set.target a terminé son démarrage
░░ Defined-By: systemd
░░ Support: https://lists.freedesktop.org/mailman/listinfo/systemd-devel
░░ 
░░ L'unité (unit) time-set.target a terminé son démarrage, avec le résultat done.
févr. 10 13:20:30 rayana systemd[1]: Finished Flush Journal to Persistent Storage.
░░ Subject: L'unité (unit) systemd-journal-flush.service a terminé son démarrage
░░ Defined-By: systemd
░░ Support: https://lists.freedesktop.org/mailman/listinfo/systemd-devel
░░ 
░░ L'unité (unit) systemd-journal-flush.service a terminé son démarrage, avec le résultat done.
févr. 10 13:20:30 rayana systemd-udevd[477]: Using default interface naming scheme 'v257'.
févr. 10 13:20:30 rayana systemd-resolved[474]: Positive Trust Anchors:
févr. 10 13:20:30 rayana systemd-resolved[474]: . IN DS 20326 8 2 e06d44b80b8f1d39a95c0b0d7c65d08458e880409bbc683457104237c7f8ec8d
févr. 10 13:20:30 rayana systemd-resolved[474]: Negative trust anchors: home.arpa 10.in-addr.arpa 16.172.in-addr.arpa 17.172.in-addr.arpa 18.172.in-addr.arpa 19.172.in-addr.arpa 20.172.in-addr.arpa 21.172.in-addr.arpa 22.172.in-addr.arpa 23.172.in-addr.arpa 24.172.in-addr.arpa 25.172.in-addr.arpa 26.172.in-addr.arpa 27.172.in-addr.arpa 28.172.in-addr.arpa 29.172.in-addr.arpa 30.172.in-addr.arpa 31.172.in-addr.arpa 170.0.0.192.in-addr.arpa 171.0.0.192.in-addr.arpa 168.192.in-addr.arpa d.f.ip6.arpa ipv4only.arpa resolver.arpa corp home internal intranet lan local private test
févr. 10 13:20:30 rayana systemd-resolved[474]: Using system hostname 'rayana'.
févr. 10 13:20:30 rayana systemd[1]: Started Network Name Resolution.
░░ Subject: L'unité (unit) systemd-resolved.service a terminé son démarrage
░░ Defined-By: systemd
░░ Support: https://lists.freedesktop.org/mailman/listinfo/systemd-devel
░░ 
░░ L'unité (unit) systemd-resolved.service a terminé son démarrage, avec le résultat done.
févr. 10 13:20:30 rayana systemd[1]: Reached target Host and Network Name Lookups.
░░ Subject: L'unité (unit) nss-lookup.target a terminé son démarrage
░░ Defined-By: systemd
░░ Support: https://lists.freedesktop.org/mailman/listinfo/systemd-devel
░░ 
░░ L'unité (unit) nss-lookup.target a terminé son démarrage, avec le résultat done.
févr. 10 13:20:30 rayana systemd[1]: Started Rule-based Manager for Device Events and Files.
░░ Subject: L'unité (unit) systemd-udevd.service a terminé son démarrage
░░ Defined-By: systemd
░░ Support: https://lists.freedesktop.org/mailman/listinfo/systemd-devel
░░ 
░░ L'unité (unit) systemd-udevd.service a terminé son démarrage, avec le résultat done.
févr. 10 13:20:30 rayana systemd[1]: Found device /dev/zram0.
░░ Subject: L'unité (unit) dev-zram0.device a terminé son démarrage
░░ Defined-By: systemd
░░ Support: https://lists.freedesktop.org/mailman/listinfo/systemd-devel
░░ 
░░ L'unité (unit) dev-zram0.device a terminé son démarrage, avec le résultat done.
févr. 10 13:20:30 rayana systemd[1]: Starting Create swap on /dev/zram0...
░░ Subject: L'unité (unit) systemd-zram-setup@zram0.service a commencé à démarrer
░░ Defined-By: systemd
░░ Support: https://lists.freedesktop.org/mailman/listinfo/systemd-devel
░░ 
░░ L'unité (unit) systemd-zram-setup@zram0.service a commencé à démarrer.
févr. 10 13:20:30 rayana systemd[1]: Condition check resulted in /dev/tpmrm0 being skipped.
░░ Subject: L'unité (unit) dev-tpmrm0.device a terminé son démarrage
░░ Defined-By: systemd
░░ Support: https://lists.freedesktop.org/mailman/listinfo/systemd-devel
░░ 
░░ L'unité (unit) dev-tpmrm0.device a terminé son démarrage, avec le résultat done.
févr. 10 13:20:30 rayana systemd[1]: Reached target Trusted Platform Module.
░░ Subject: L'unité (unit) tpm2.target a terminé son démarrage
░░ Defined-By: systemd
░░ Support: https://lists.freedesktop.org/mailman/listinfo/systemd-devel
░░ 
░░ L'unité (unit) tpm2.target a terminé son démarrage, avec le résultat done.
févr. 10 13:20:30 rayana kernel: zram0: detected capacity change from 0 to 8388608
févr. 10 13:20:30 rayana systemd-makefs[527]: /dev/zram0 successfully formatted as swap (label "zram0", uuid 759d74d0-bc19-4040-8e95-fceb1165f5de)
févr. 10 13:20:30 rayana systemd[1]: Finished Create swap on /dev/zram0.
░░ Subject: L'unité (unit) systemd-zram-setup@zram0.service a terminé son démarrage
░░ Defined-By: systemd
